V "4.8.7.0 Nov 19 2019"
R
U 0
U 0
U 0
U 0
C 363
R
U 0
U 0
U 0
U 0
C 363
R
C 364
M "SimpleExample"
R
P 0000000000000000
C 7
= 000002927C38E2B8
R
P 000002927C38E2B8
U 2
C 350
R
P 000002927C38E2B8
C 360
R
P 000002927C38E2B8
C 8
R
C 3
= 000002927C4450B8
R
P 000002927C4450B8
S "model"
S "true"
C 5
R
P 000002927C4450B8
C 7
= 000002927C38E2B8
R
P 000002927C4450B8
C 4
R
P 000002927C38E2B8
U 2
C 350
R
P 000002927C38E2B8
C 360
R
P 000002927C38E2B8
S "\040declare-fun x \040\041 Int\041 \040declare-fun y \040\041 Int\041 \040assert \040not \040\061 y 1\041\041\041 \040assert \040not \040\061 x 1\041\041\041 \040assert \040\061 \040* x y\041  1\041\041"
U 0
s 0
p 0
U 0
s 0
p 0
C 357
= 000002927BE70BC8
R
P 000002927C38E2B8
C 360
R
P 000002927C38E2B8
P 000002927BE70BC8
C 478
R
P 000002927C38E2B8
C 360
R
P 000002927C38E2B8
P 000002927BE70BC8
C 480
R
P 000002927C38E2B8
C 360
R
P 000002927C38E2B8
P 000002927BE70BC8
U 0
C 481
= 000002927C4BE8E8
R
P 000002927C38E2B8
C 360
R
P 000002927C38E2B8
P 000002927C4BE8E8
C 9
R
P 000002927C38E2B8
C 360
R
P 000002927C38E2B8
P 000002927C4BE8E8
C 274
R
P 000002927C38E2B8
C 360
R
P 000002927C38E2B8
P 000002927C4BE8E8
C 271
= 000002927C4C6748
R
P 000002927C38E2B8
C 360
R
P 000002927C38E2B8
P 000002927C4C6748
C 226
R
P 000002927C38E2B8
C 360
R
P 000002927C38E2B8
P 000002927C4BE8E8
C 277
R
P 000002927C38E2B8
C 360
R
P 000002927C38E2B8
P 000002927C4BE8E8
C 276
R
P 000002927C38E2B8
C 360
R
P 000002927C38E2B8
P 000002927C4BE8E8
C 275
R
P 000002927C38E2B8
C 360
R
P 000002927C38E2B8
P 000002927C4BE8E8
C 9
R
P 000002927C38E2B8
C 360
R
P 000002927C38E2B8
P 000002927BE70BC8
U 1
C 481
= 000002927C4BE918
R
P 000002927C38E2B8
C 360
R
P 000002927C38E2B8
P 000002927C4BE918
C 9
R
P 000002927C38E2B8
C 360
R
P 000002927C38E2B8
P 000002927C4BE918
C 274
R
P 000002927C38E2B8
C 360
R
P 000002927C38E2B8
P 000002927C4BE918
C 271
= 000002927C4C6748
R
P 000002927C38E2B8
C 360
R
P 000002927C38E2B8
P 000002927C4C6748
C 226
R
P 000002927C38E2B8
C 360
R
P 000002927C38E2B8
P 000002927C4BE918
C 277
R
P 000002927C38E2B8
C 360
R
P 000002927C38E2B8
P 000002927C4BE918
C 276
R
P 000002927C38E2B8
C 360
R
P 000002927C38E2B8
P 000002927C4BE918
C 275
R
P 000002927C38E2B8
C 360
R
P 000002927C38E2B8
P 000002927C4BE918
C 9
R
P 000002927C38E2B8
C 360
R
P 000002927C38E2B8
P 000002927BE70BC8
U 2
C 481
= 000002927C4C30C8
R
P 000002927C38E2B8
C 360
R
P 000002927C38E2B8
P 000002927C4C30C8
C 9
R
P 000002927C38E2B8
C 360
R
P 000002927C38E2B8
P 000002927C4C30C8
C 274
R
P 000002927C38E2B8
C 360
R
P 000002927C38E2B8
P 000002927C4C30C8
C 271
= 000002927C4C6748
R
P 000002927C38E2B8
C 360
R
P 000002927C38E2B8
P 000002927C4C6748
C 226
R
P 000002927C38E2B8
C 360
R
P 000002927C38E2B8
P 000002927C4C30C8
C 277
R
P 000002927C38E2B8
C 360
R
P 000002927C38E2B8
P 000002927C4C30C8
C 276
R
P 000002927C38E2B8
C 360
R
P 000002927C38E2B8
P 000002927C4C30C8
C 275
R
P 000002927C38E2B8
C 360
R
P 000002927C38E2B8
P 000002927C4C30C8
C 9
R
P 000002927C38E2B8
C 360
R
P 000002927C38E2B8
P 000002927C4BE8E8
C 351
R
P 000002927C38E2B8
C 360
R
P 000002927C38E2B8
C 430
= 000002927B997DA8
R
P 000002927C38E2B8
C 360
R
P 000002927C38E2B8
P 000002927B997DA8
C 439
R
P 000002927C38E2B8
C 360
R
P 000002927C38E2B8
P 000002927B997DA8
P 000002927C4BE8E8
C 446
R
P 000002927C38E2B8
C 360
R
P 000002927C38E2B8
P 000002927B997DA8
C 455
R
P 000002927C38E2B8
C 360
R
P 000002927C38E2B8
P 000002927B997DA8
C 460
= 000002927C97AB28
R
P 000002927C38E2B8
C 360
R
P 000002927C38E2B8
P 000002927C97AB28
C 318
R
P 000002927C38E2B8
C 360
R
P 000002927C38E2B8
P 000002927C97AB28
C 355
R
P 000002927C38E2B8
C 360
R
P 000002927C38E2B8
P 000002927C97AB28
C 326
R
P 000002927C38E2B8
C 360
R
P 000002927C38E2B8
P 000002927C97AB28
C 324
R
P 000002927C38E2B8
C 360
R
P 000002927C38E2B8
P 000002927C97AB28
U 0
C 325
= 000002927C4BE888
R
P 000002927C38E2B8
C 360
R
P 000002927C38E2B8
P 000002927C4BE888
C 274
R
P 000002927C38E2B8
C 360
R
P 000002927C38E2B8
P 000002927C4BE888
C 9
R
P 000002927C38E2B8
C 360
R
P 000002927C38E2B8
P 000002927C4BE888
C 249
R
P 000002927C38E2B8
C 360
R
P 000002927C38E2B8
$ |y|
C 219
R
P 000002927C38E2B8
C 360
R
P 000002927C38E2B8
$ |y|
C 219
R
P 000002927C38E2B8
C 360
R
P 000002927C38E2B8
P 000002927C4BE888
C 252
R
P 000002927C38E2B8
C 360
R
P 000002927C38E2B8
P 000002927C97AB28
P 000002927C4BE888
C 321
= 000002927C4C73E8
R
P 000002927C38E2B8
C 360
R
P 000002927C38E2B8
P 000002927C4C73E8
C 274
R
P 000002927C38E2B8
C 360
R
P 000002927C38E2B8
P 000002927C4C73E8
C 271
= 000002927C4C6808
R
P 000002927C38E2B8
C 360
R
P 000002927C38E2B8
P 000002927C4C6808
C 226
R
P 000002927C38E2B8
C 360
R
P 000002927C38E2B8
P 000002927C4C73E8
C 277
R
P 000002927C38E2B8
C 360
R
P 000002927C38E2B8
P 000002927C4C73E8
C 276
R
P 000002927C38E2B8
C 360
R
P 000002927C38E2B8
P 000002927C4C73E8
C 275
R
P 000002927C38E2B8
C 360
R
P 000002927C38E2B8
P 000002927C4C73E8
C 9
R
P 000002927C38E2B8
C 360
R
P 000002927C38E2B8
$ |y|
C 219
R
P 000002927C38E2B8
C 360
R
P 000002927C38E2B8
$ |y|
C 219
R
P 000002927C38E2B8
C 360
R
P 000002927C38E2B8
$ |y|
C 221
R
P 000002927C38E2B8
C 360
R
P 000002927C38E2B8
P 000002927C4C73E8
C 280
R
P 000002927C38E2B8
C 360
R
P 000002927C38E2B8
S "\040declare-fun x \040\041 Int\041 \040declare-fun y \040\041 Int\041 \040assert \040not \040\061 y 1\041\041\041 \040assert \040not \040\061 x 1\041\041\041 \040assert \040not \040\061 y 2\041\041\041 \040assert \040\061 \040* x y\041  1\041\041"
U 0
s 0
p 0
U 0
s 0
p 0
C 357
= 000002927C6799D8
R
P 000002927C38E2B8
C 360
R
P 000002927C38E2B8
P 000002927C6799D8
C 478
R
P 000002927C38E2B8
C 360
R
P 000002927C38E2B8
P 000002927C6799D8
C 480
R
P 000002927C38E2B8
C 360
R
P 000002927C38E2B8
P 000002927C6799D8
U 0
C 481
= 000002927C4BE8E8
R
P 000002927C38E2B8
C 360
R
P 000002927C38E2B8
P 000002927C4BE8E8
C 9
R
P 000002927C38E2B8
C 360
R
P 000002927C38E2B8
P 000002927C4BE8E8
C 274
R
P 000002927C38E2B8
C 360
R
P 000002927C38E2B8
P 000002927C4BE8E8
C 271
= 000002927C4C6748
R
P 000002927C38E2B8
C 360
R
P 000002927C38E2B8
P 000002927C4C6748
C 226
R
P 000002927C38E2B8
C 360
R
P 000002927C38E2B8
P 000002927C4BE8E8
C 277
R
P 000002927C38E2B8
C 360
R
P 000002927C38E2B8
P 000002927C4BE8E8
C 276
R
P 000002927C38E2B8
C 360
R
P 000002927C38E2B8
P 000002927C4BE8E8
C 275
R
P 000002927C38E2B8
C 360
R
P 000002927C38E2B8
P 000002927C4BE8E8
C 9
R
P 000002927C38E2B8
C 360
R
P 000002927C38E2B8
P 000002927C6799D8
U 1
C 481
= 000002927C4BE918
R
P 000002927C38E2B8
C 360
R
P 000002927C38E2B8
P 000002927C4BE918
C 9
R
P 000002927C38E2B8
C 360
R
P 000002927C38E2B8
P 000002927C4BE918
C 274
R
P 000002927C38E2B8
C 360
R
P 000002927C38E2B8
P 000002927C4BE918
C 271
= 000002927C4C6748
R
P 000002927C38E2B8
C 360
R
P 000002927C38E2B8
P 000002927C4C6748
C 226
R
P 000002927C38E2B8
C 360
R
P 000002927C38E2B8
P 000002927C4BE918
C 277
R
P 000002927C38E2B8
C 360
R
P 000002927C38E2B8
P 000002927C4BE918
C 276
R
P 000002927C38E2B8
C 360
R
P 000002927C38E2B8
P 000002927C4BE918
C 275
R
P 000002927C38E2B8
C 360
R
P 000002927C38E2B8
P 000002927C4BE918
C 9
R
P 000002927C38E2B8
C 360
R
P 000002927C38E2B8
P 000002927C6799D8
U 2
C 481
= 000002927C4BEA68
R
P 000002927C38E2B8
C 360
R
P 000002927C38E2B8
P 000002927C4BEA68
C 9
R
P 000002927C38E2B8
C 360
R
P 000002927C38E2B8
P 000002927C4BEA68
C 274
R
P 000002927C38E2B8
C 360
R
P 000002927C38E2B8
P 000002927C4BEA68
C 271
= 000002927C4C6748
R
P 000002927C38E2B8
C 360
R
P 000002927C38E2B8
P 000002927C4C6748
C 226
R
P 000002927C38E2B8
C 360
R
P 000002927C38E2B8
P 000002927C4BEA68
C 277
R
P 000002927C38E2B8
C 360
R
P 000002927C38E2B8
P 000002927C4BEA68
C 276
R
P 000002927C38E2B8
C 360
R
P 000002927C38E2B8
P 000002927C4BEA68
C 275
R
P 000002927C38E2B8
C 360
R
P 000002927C38E2B8
P 000002927C4BEA68
C 9
R
P 000002927C38E2B8
C 360
R
P 000002927C38E2B8
P 000002927C6799D8
U 3
C 481
= 000002927C4C30C8
R
P 000002927C38E2B8
C 360
R
P 000002927C38E2B8
P 000002927C4C30C8
C 9
R
P 000002927C38E2B8
C 360
R
P 000002927C38E2B8
P 000002927C4C30C8
C 274
R
P 000002927C38E2B8
C 360
R
P 000002927C38E2B8
P 000002927C4C30C8
C 271
= 000002927C4C6748
R
P 000002927C38E2B8
C 360
R
P 000002927C38E2B8
P 000002927C4C6748
C 226
R
P 000002927C38E2B8
C 360
R
P 000002927C38E2B8
P 000002927C4C30C8
C 277
R
P 000002927C38E2B8
C 360
R
P 000002927C38E2B8
P 000002927C4C30C8
C 276
R
P 000002927C38E2B8
C 360
R
P 000002927C38E2B8
P 000002927C4C30C8
C 275
R
P 000002927C38E2B8
C 360
R
P 000002927C38E2B8
P 000002927C4C30C8
C 9
R
P 000002927C38E2B8
C 360
R
P 000002927C38E2B8
P 000002927C4BE8E8
C 351
R
P 000002927C38E2B8
C 360
R
P 000002927C38E2B8
C 430
= 000002927C9317A8
R
P 000002927C38E2B8
C 360
R
P 000002927C38E2B8
P 000002927C9317A8
C 439
R
P 000002927C38E2B8
C 360
R
P 000002927C38E2B8
P 000002927C9317A8
P 000002927C4BE8E8
C 446
R
P 000002927C38E2B8
C 360
R
P 000002927C38E2B8
P 000002927C9317A8
C 455
R
P 000002927C38E2B8
C 360
R
P 000002927C38E2B8
P 000002927C9317A8
C 460
= 000002927CCC0F28
R
P 000002927C38E2B8
C 360
R
P 000002927C38E2B8
P 000002927CCC0F28
C 318
R
P 000002927C38E2B8
C 360
R
P 000002927C38E2B8
P 000002927CCC0F28
C 355
R
P 000002927C38E2B8
C 360
R
P 000002927C38E2B8
P 000002927CCC0F28
C 326
R
P 000002927C38E2B8
C 360
R
P 000002927C38E2B8
P 000002927CCC0F28
C 324
R
P 000002927C38E2B8
C 360
R
P 000002927C38E2B8
P 000002927CCC0F28
U 0
C 325
= 000002927C4BE888
R
P 000002927C38E2B8
C 360
R
P 000002927C38E2B8
P 000002927C4BE888
C 274
R
P 000002927C38E2B8
C 360
R
P 000002927C38E2B8
P 000002927C4BE888
C 9
R
P 000002927C38E2B8
C 360
R
P 000002927C38E2B8
P 000002927C4BE888
C 249
R
P 000002927C38E2B8
C 360
R
P 000002927C38E2B8
$ |y|
C 219
R
P 000002927C38E2B8
C 360
R
P 000002927C38E2B8
$ |y|
C 219
R
P 000002927C38E2B8
C 360
R
P 000002927C38E2B8
P 000002927C4BE888
C 252
R
P 000002927C38E2B8
C 360
R
P 000002927C38E2B8
P 000002927CCC0F28
P 000002927C4BE888
C 321
= 000002927C4C73E8
R
P 000002927C38E2B8
C 360
R
P 000002927C38E2B8
P 000002927C4C73E8
C 274
R
P 000002927C38E2B8
C 360
R
P 000002927C38E2B8
P 000002927C4C73E8
C 271
= 000002927C4C6808
R
P 000002927C38E2B8
C 360
R
P 000002927C38E2B8
P 000002927C4C6808
C 226
R
P 000002927C38E2B8
C 360
R
P 000002927C38E2B8
P 000002927C4C73E8
C 277
R
P 000002927C38E2B8
C 360
R
P 000002927C38E2B8
P 000002927C4C73E8
C 276
R
P 000002927C38E2B8
C 360
R
P 000002927C38E2B8
P 000002927C4C73E8
C 275
R
P 000002927C38E2B8
C 360
R
P 000002927C38E2B8
P 000002927C4C73E8
C 9
R
P 000002927C38E2B8
C 360
R
P 000002927C38E2B8
$ |y|
C 219
R
P 000002927C38E2B8
C 360
R
P 000002927C38E2B8
$ |y|
C 219
R
P 000002927C38E2B8
C 360
R
P 000002927C38E2B8
$ |y|
C 221
R
P 000002927C38E2B8
C 360
R
P 000002927C38E2B8
P 000002927C4C73E8
C 280
R
P 000002927C38E2B8
C 360
R
P 000002927C38E2B8
S "\040declare-fun x \040\041 Int\041 \040declare-fun y \040\041 Int\041 \040assert \040not \040\061 y 1\041\041\041 \040assert \040not \040\061 x 1\041\041\041 \040assert \040not \040\061 y 2\041\041\041 \040assert \040not \040\061 y 2\041\041\041 \040assert \040\061 \040* x y\041  1\041\041"
U 0
s 0
p 0
U 0
s 0
p 0
C 357
= 000002927CD151C8
R
P 000002927C38E2B8
C 360
R
P 000002927C38E2B8
P 000002927CD151C8
C 478
R
P 000002927C38E2B8
C 360
R
P 000002927C38E2B8
P 000002927CD151C8
C 480
R
P 000002927C38E2B8
C 360
R
P 000002927C38E2B8
P 000002927CD151C8
U 0
C 481
= 000002927C4BE8E8
R
P 000002927C38E2B8
C 360
R
P 000002927C38E2B8
P 000002927C4BE8E8
C 9
R
P 000002927C38E2B8
C 360
R
P 000002927C38E2B8
P 000002927C4BE8E8
C 274
R
P 000002927C38E2B8
C 360
R
P 000002927C38E2B8
P 000002927C4BE8E8
C 271
= 000002927C4C6748
R
P 000002927C38E2B8
C 360
R
P 000002927C38E2B8
P 000002927C4C6748
C 226
R
P 000002927C38E2B8
C 360
R
P 000002927C38E2B8
P 000002927C4BE8E8
C 277
R
P 000002927C38E2B8
C 360
R
P 000002927C38E2B8
P 000002927C4BE8E8
C 276
R
P 000002927C38E2B8
C 360
R
P 000002927C38E2B8
P 000002927C4BE8E8
C 275
R
P 000002927C38E2B8
C 360
R
P 000002927C38E2B8
P 000002927C4BE8E8
C 9
R
P 000002927C38E2B8
C 360
R
P 000002927C38E2B8
P 000002927CD151C8
U 1
C 481
= 000002927C4BE918
R
P 000002927C38E2B8
C 360
R
P 000002927C38E2B8
P 000002927C4BE918
C 9
R
P 000002927C38E2B8
C 360
R
P 000002927C38E2B8
P 000002927C4BE918
C 274
R
P 000002927C38E2B8
C 360
R
P 000002927C38E2B8
P 000002927C4BE918
C 271
= 000002927C4C6748
R
P 000002927C38E2B8
C 360
R
P 000002927C38E2B8
P 000002927C4C6748
C 226
R
P 000002927C38E2B8
C 360
R
P 000002927C38E2B8
P 000002927C4BE918
C 277
R
P 000002927C38E2B8
C 360
R
P 000002927C38E2B8
P 000002927C4BE918
C 276
R
P 000002927C38E2B8
C 360
R
P 000002927C38E2B8
P 000002927C4BE918
C 275
R
P 000002927C38E2B8
C 360
R
P 000002927C38E2B8
P 000002927C4BE918
C 9
R
P 000002927C38E2B8
C 360
R
P 000002927C38E2B8
P 000002927CD151C8
U 2
C 481
= 000002927C4BEA68
R
P 000002927C38E2B8
C 360
R
P 000002927C38E2B8
P 000002927C4BEA68
C 9
R
P 000002927C38E2B8
C 360
R
P 000002927C38E2B8
P 000002927C4BEA68
C 274
R
P 000002927C38E2B8
C 360
R
P 000002927C38E2B8
P 000002927C4BEA68
C 271
= 000002927C4C6748
R
P 000002927C38E2B8
C 360
R
P 000002927C38E2B8
P 000002927C4C6748
C 226
R
P 000002927C38E2B8
C 360
R
P 000002927C38E2B8
P 000002927C4BEA68
C 277
R
P 000002927C38E2B8
C 360
R
P 000002927C38E2B8
P 000002927C4BEA68
C 276
R
P 000002927C38E2B8
C 360
R
P 000002927C38E2B8
P 000002927C4BEA68
C 275
R
P 000002927C38E2B8
C 360
R
P 000002927C38E2B8
P 000002927C4BEA68
C 9
R
P 000002927C38E2B8
C 360
R
P 000002927C38E2B8
P 000002927CD151C8
U 3
C 481
= 000002927C4BEA68
R
P 000002927C38E2B8
C 360
R
P 000002927C38E2B8
P 000002927C4BEA68
C 9
R
P 000002927C38E2B8
C 360
R
P 000002927C38E2B8
P 000002927C4BEA68
C 274
R
P 000002927C38E2B8
C 360
R
P 000002927C38E2B8
P 000002927C4BEA68
C 271
= 000002927C4C6748
R
P 000002927C38E2B8
C 360
R
P 000002927C38E2B8
P 000002927C4C6748
C 226
R
P 000002927C38E2B8
C 360
R
P 000002927C38E2B8
P 000002927C4BEA68
C 277
R
P 000002927C38E2B8
C 360
R
P 000002927C38E2B8
P 000002927C4BEA68
C 276
R
P 000002927C38E2B8
C 360
R
P 000002927C38E2B8
P 000002927C4BEA68
C 275
R
P 000002927C38E2B8
C 360
R
P 000002927C38E2B8
P 000002927C4BEA68
C 9
R
P 000002927C38E2B8
C 360
R
P 000002927C38E2B8
P 000002927CD151C8
U 4
C 481
= 000002927C4C30C8
R
P 000002927C38E2B8
C 360
R
P 000002927C38E2B8
P 000002927C4C30C8
C 9
R
P 000002927C38E2B8
C 360
R
P 000002927C38E2B8
P 000002927C4C30C8
C 274
R
P 000002927C38E2B8
C 360
R
P 000002927C38E2B8
P 000002927C4C30C8
C 271
= 000002927C4C6748
R
P 000002927C38E2B8
C 360
R
P 000002927C38E2B8
P 000002927C4C6748
C 226
R
P 000002927C38E2B8
C 360
R
P 000002927C38E2B8
P 000002927C4C30C8
C 277
R
P 000002927C38E2B8
C 360
R
P 000002927C38E2B8
P 000002927C4C30C8
C 276
R
P 000002927C38E2B8
C 360
R
P 000002927C38E2B8
P 000002927C4C30C8
C 275
R
P 000002927C38E2B8
C 360
R
P 000002927C38E2B8
P 000002927C4C30C8
C 9
R
P 000002927C38E2B8
C 360
R
P 000002927C38E2B8
P 000002927C4BE8E8
C 351
R
P 000002927C38E2B8
C 360
R
P 000002927C38E2B8
C 430
= 000002927C931858
R
P 000002927C38E2B8
C 360
R
P 000002927C38E2B8
P 000002927C931858
C 439
R
P 000002927C38E2B8
C 360
R
P 000002927C38E2B8
P 000002927C931858
P 000002927C4BE8E8
C 446
R
P 000002927C38E2B8
C 360
R
P 000002927C38E2B8
P 000002927C931858
C 455
R
P 000002927C38E2B8
C 360
R
P 000002927C38E2B8
P 000002927C931858
C 460
= 000002927CFF70A8
R
P 000002927C38E2B8
C 360
R
P 000002927C38E2B8
P 000002927CFF70A8
C 318
R
P 000002927C38E2B8
C 360
R
P 000002927C38E2B8
P 000002927CFF70A8
C 355
R
P 000002927C38E2B8
C 360
R
P 000002927C38E2B8
P 000002927CFF70A8
C 326
R
P 000002927C38E2B8
C 360
R
P 000002927C38E2B8
P 000002927CFF70A8
C 324
R
P 000002927C38E2B8
C 360
R
P 000002927C38E2B8
P 000002927CFF70A8
U 0
C 325
= 000002927C4BE888
R
P 000002927C38E2B8
C 360
R
P 000002927C38E2B8
P 000002927C4BE888
C 274
R
P 000002927C38E2B8
C 360
R
P 000002927C38E2B8
P 000002927C4BE888
C 9
R
P 000002927C38E2B8
C 360
R
P 000002927C38E2B8
P 000002927C4BE888
C 249
R
P 000002927C38E2B8
C 360
R
P 000002927C38E2B8
$ |y|
C 219
R
P 000002927C38E2B8
C 360
R
P 000002927C38E2B8
$ |y|
C 219
R
P 000002927C38E2B8
C 360
R
P 000002927C38E2B8
P 000002927C4BE888
C 252
R
P 000002927C38E2B8
C 360
R
P 000002927C38E2B8
P 000002927CFF70A8
P 000002927C4BE888
C 321
= 000002927C4C73E8
R
P 000002927C38E2B8
C 360
R
P 000002927C38E2B8
P 000002927C4C73E8
C 274
R
P 000002927C38E2B8
C 360
R
P 000002927C38E2B8
P 000002927C4C73E8
C 271
= 000002927C4C6808
R
P 000002927C38E2B8
C 360
R
P 000002927C38E2B8
P 000002927C4C6808
C 226
R
P 000002927C38E2B8
C 360
R
P 000002927C38E2B8
P 000002927C4C73E8
C 277
R
P 000002927C38E2B8
C 360
R
P 000002927C38E2B8
P 000002927C4C73E8
C 276
R
P 000002927C38E2B8
C 360
R
P 000002927C38E2B8
P 000002927C4C73E8
C 275
R
P 000002927C38E2B8
C 360
R
P 000002927C38E2B8
P 000002927C4C73E8
C 9
R
P 000002927C38E2B8
C 360
R
P 000002927C38E2B8
$ |y|
C 219
R
P 000002927C38E2B8
C 360
R
P 000002927C38E2B8
$ |y|
C 219
R
P 000002927C38E2B8
C 360
R
P 000002927C38E2B8
$ |y|
C 221
R
P 000002927C38E2B8
C 360
R
P 000002927C38E2B8
P 000002927C4C73E8
C 280
R
P 000002927C38E2B8
C 360
R
P 000002927C38E2B8
S "\040declare-fun x \040\041 Int\041 \040declare-fun y \040\041 Int\041 \040assert \040not \040\061 y 1\041\041\041 \040assert \040not \040\061 x 1\041\041\041 \040assert \040not \040\061 y 2\041\041\041 \040assert \040not \040\061 y 2\041\041\041 \040assert \040not \040\061 y 2\041\041\041 \040assert \040\061 \040* x y\041  1\041\041"
U 0
s 0
p 0
U 0
s 0
p 0
C 357
= 000002927CD16B48
R
P 000002927C38E2B8
C 360
R
P 000002927C38E2B8
P 000002927CD16B48
C 478
R
P 000002927C38E2B8
C 360
R
P 000002927C38E2B8
P 000002927CD16B48
C 480
R
P 000002927C38E2B8
C 360
R
P 000002927C38E2B8
P 000002927CD16B48
U 0
C 481
= 000002927C4BE8E8
R
P 000002927C38E2B8
C 360
R
P 000002927C38E2B8
P 000002927C4BE8E8
C 9
R
P 000002927C38E2B8
C 360
R
P 000002927C38E2B8
P 000002927C4BE8E8
C 274
R
P 000002927C38E2B8
C 360
R
P 000002927C38E2B8
P 000002927C4BE8E8
C 271
= 000002927C4C6748
R
P 000002927C38E2B8
C 360
R
P 000002927C38E2B8
P 000002927C4C6748
C 226
R
P 000002927C38E2B8
C 360
R
P 000002927C38E2B8
P 000002927C4BE8E8
C 277
R
P 000002927C38E2B8
C 360
R
P 000002927C38E2B8
P 000002927C4BE8E8
C 276
R
P 000002927C38E2B8
C 360
R
P 000002927C38E2B8
P 000002927C4BE8E8
C 275
R
P 000002927C38E2B8
C 360
R
P 000002927C38E2B8
P 000002927C4BE8E8
C 9
R
P 000002927C38E2B8
C 360
R
P 000002927C38E2B8
P 000002927CD16B48
U 1
C 481
= 000002927C4BE918
R
P 000002927C38E2B8
C 360
R
P 000002927C38E2B8
P 000002927C4BE918
C 9
R
P 000002927C38E2B8
C 360
R
P 000002927C38E2B8
P 000002927C4BE918
C 274
R
P 000002927C38E2B8
C 360
R
P 000002927C38E2B8
P 000002927C4BE918
C 271
= 000002927C4C6748
R
P 000002927C38E2B8
C 360
R
P 000002927C38E2B8
P 000002927C4C6748
C 226
R
P 000002927C38E2B8
C 360
R
P 000002927C38E2B8
P 000002927C4BE918
C 277
R
P 000002927C38E2B8
C 360
R
P 000002927C38E2B8
P 000002927C4BE918
C 276
R
P 000002927C38E2B8
C 360
R
P 000002927C38E2B8
P 000002927C4BE918
C 275
R
P 000002927C38E2B8
C 360
R
P 000002927C38E2B8
P 000002927C4BE918
C 9
R
P 000002927C38E2B8
C 360
R
P 000002927C38E2B8
P 000002927CD16B48
U 2
C 481
= 000002927C4BEA68
R
P 000002927C38E2B8
C 360
R
P 000002927C38E2B8
P 000002927C4BEA68
C 9
R
P 000002927C38E2B8
C 360
R
P 000002927C38E2B8
P 000002927C4BEA68
C 274
R
P 000002927C38E2B8
C 360
R
P 000002927C38E2B8
P 000002927C4BEA68
C 271
= 000002927C4C6748
R
P 000002927C38E2B8
C 360
R
P 000002927C38E2B8
P 000002927C4C6748
C 226
R
P 000002927C38E2B8
C 360
R
P 000002927C38E2B8
P 000002927C4BEA68
C 277
R
P 000002927C38E2B8
C 360
R
P 000002927C38E2B8
P 000002927C4BEA68
C 276
R
P 000002927C38E2B8
C 360
R
P 000002927C38E2B8
P 000002927C4BEA68
C 275
R
P 000002927C38E2B8
C 360
R
P 000002927C38E2B8
P 000002927C4BEA68
C 9
R
P 000002927C38E2B8
C 360
R
P 000002927C38E2B8
P 000002927CD16B48
U 3
C 481
= 000002927C4BEA68
R
P 000002927C38E2B8
C 360
R
P 000002927C38E2B8
P 000002927C4BEA68
C 9
R
P 000002927C38E2B8
C 360
R
P 000002927C38E2B8
P 000002927C4BEA68
C 274
R
P 000002927C38E2B8
C 360
R
P 000002927C38E2B8
P 000002927C4BEA68
C 271
= 000002927C4C6748
R
P 000002927C38E2B8
C 360
R
P 000002927C38E2B8
P 000002927C4C6748
C 226
R
P 000002927C38E2B8
C 360
R
P 000002927C38E2B8
P 000002927C4BEA68
C 277
R
P 000002927C38E2B8
C 360
R
P 000002927C38E2B8
P 000002927C4BEA68
C 276
R
P 000002927C38E2B8
C 360
R
P 000002927C38E2B8
P 000002927C4BEA68
C 275
R
P 000002927C38E2B8
C 360
R
P 000002927C38E2B8
P 000002927C4BEA68
C 9
R
P 000002927C38E2B8
C 360
R
P 000002927C38E2B8
P 000002927CD16B48
U 4
C 481
= 000002927C4BEA68
R
P 000002927C38E2B8
C 360
R
P 000002927C38E2B8
P 000002927C4BEA68
C 9
R
P 000002927C38E2B8
C 360
R
P 000002927C38E2B8
P 000002927C4BEA68
C 274
R
P 000002927C38E2B8
C 360
R
P 000002927C38E2B8
P 000002927C4BEA68
C 271
= 000002927C4C6748
R
P 000002927C38E2B8
C 360
R
P 000002927C38E2B8
P 000002927C4C6748
C 226
R
P 000002927C38E2B8
C 360
R
P 000002927C38E2B8
P 000002927C4BEA68
C 277
R
P 000002927C38E2B8
C 360
R
P 000002927C38E2B8
P 000002927C4BEA68
C 276
R
P 000002927C38E2B8
C 360
R
P 000002927C38E2B8
P 000002927C4BEA68
C 275
R
P 000002927C38E2B8
C 360
R
P 000002927C38E2B8
P 000002927C4BEA68
C 9
R
P 000002927C38E2B8
C 360
R
P 000002927C38E2B8
P 000002927CD16B48
U 5
C 481
= 000002927C4C30C8
R
P 000002927C38E2B8
C 360
R
P 000002927C38E2B8
P 000002927C4C30C8
C 9
R
P 000002927C38E2B8
C 360
R
P 000002927C38E2B8
P 000002927C4C30C8
C 274
R
P 000002927C38E2B8
C 360
R
P 000002927C38E2B8
P 000002927C4C30C8
C 271
= 000002927C4C6748
R
P 000002927C38E2B8
C 360
R
P 000002927C38E2B8
P 000002927C4C6748
C 226
R
P 000002927C38E2B8
C 360
R
P 000002927C38E2B8
P 000002927C4C30C8
C 277
R
P 000002927C38E2B8
C 360
R
P 000002927C38E2B8
P 000002927C4C30C8
C 276
R
P 000002927C38E2B8
C 360
R
P 000002927C38E2B8
P 000002927C4C30C8
C 275
R
P 000002927C38E2B8
C 360
R
P 000002927C38E2B8
P 000002927C4C30C8
C 9
R
P 000002927C38E2B8
C 360
R
P 000002927C38E2B8
P 000002927C4BE8E8
C 351
R
P 000002927C38E2B8
C 360
R
P 000002927C38E2B8
C 430
= 000002927CDE4328
R
P 000002927C38E2B8
C 360
R
P 000002927C38E2B8
P 000002927CDE4328
C 439
R
P 000002927C38E2B8
C 360
R
P 000002927C38E2B8
P 000002927CDE4328
P 000002927C4BE8E8
C 446
R
P 000002927C38E2B8
C 360
R
P 000002927C38E2B8
P 000002927CDE4328
C 455
R
P 000002927C38E2B8
C 360
R
P 000002927C38E2B8
P 000002927CDE4328
C 460
= 000002927D2809A8
R
P 000002927C38E2B8
C 360
R
P 000002927C38E2B8
P 000002927D2809A8
C 318
R
P 000002927C38E2B8
C 360
R
P 000002927C38E2B8
P 000002927D2809A8
C 355
R
P 000002927C38E2B8
C 360
R
P 000002927C38E2B8
P 000002927D2809A8
C 326
R
P 000002927C38E2B8
C 360
R
P 000002927C38E2B8
P 000002927D2809A8
C 324
R
P 000002927C38E2B8
C 360
R
P 000002927C38E2B8
P 000002927D2809A8
U 0
C 325
= 000002927C4BE888
R
P 000002927C38E2B8
C 360
R
P 000002927C38E2B8
P 000002927C4BE888
C 274
R
P 000002927C38E2B8
C 360
R
P 000002927C38E2B8
P 000002927C4BE888
C 9
R
P 000002927C38E2B8
C 360
R
P 000002927C38E2B8
P 000002927C4BE888
C 249
R
P 000002927C38E2B8
C 360
R
P 000002927C38E2B8
$ |y|
C 219
R
P 000002927C38E2B8
C 360
R
P 000002927C38E2B8
$ |y|
C 219
R
P 000002927C38E2B8
C 360
R
P 000002927C38E2B8
P 000002927C4BE888
C 252
R
P 000002927C38E2B8
C 360
R
P 000002927C38E2B8
P 000002927D2809A8
P 000002927C4BE888
C 321
= 000002927C4C73E8
R
P 000002927C38E2B8
C 360
R
P 000002927C38E2B8
P 000002927C4C73E8
C 274
R
P 000002927C38E2B8
C 360
R
P 000002927C38E2B8
P 000002927C4C73E8
C 271
= 000002927C4C6808
R
P 000002927C38E2B8
C 360
R
P 000002927C38E2B8
P 000002927C4C6808
C 226
R
P 000002927C38E2B8
C 360
R
P 000002927C38E2B8
P 000002927C4C73E8
C 277
R
P 000002927C38E2B8
C 360
R
P 000002927C38E2B8
P 000002927C4C73E8
C 276
R
P 000002927C38E2B8
C 360
R
P 000002927C38E2B8
P 000002927C4C73E8
C 275
R
P 000002927C38E2B8
C 360
R
P 000002927C38E2B8
P 000002927C4C73E8
C 9
R
P 000002927C38E2B8
C 360
R
P 000002927C38E2B8
$ |y|
C 219
R
P 000002927C38E2B8
C 360
R
P 000002927C38E2B8
$ |y|
C 219
R
P 000002927C38E2B8
C 360
R
P 000002927C38E2B8
$ |y|
C 221
R
P 000002927C38E2B8
C 360
R
P 000002927C38E2B8
P 000002927C4C73E8
C 280
R
P 000002927C38E2B8
C 360
R
P 000002927C38E2B8
S "\040declare-fun x \040\041 Int\041 \040declare-fun y \040\041 Int\041 \040assert \040not \040\061 y 1\041\041\041 \040assert \040not \040\061 x 1\041\041\041 \040assert \040not \040\061 y 2\041\041\041 \040assert \040not \040\061 y 2\041\041\041 \040assert \040not \040\061 y 2\041\041\041 \040assert \040not \040\061 y 2\041\041\041 \040assert \040\061 \040* x y\041  1\041\041"
U 0
s 0
p 0
U 0
s 0
p 0
C 357
= 000002927D284D98
R
P 000002927C38E2B8
C 360
R
P 000002927C38E2B8
P 000002927D284D98
C 478
R
P 000002927C38E2B8
C 360
R
P 000002927C38E2B8
P 000002927D284D98
C 480
R
P 000002927C38E2B8
C 360
R
P 000002927C38E2B8
P 000002927D284D98
U 0
C 481
= 000002927C4BE8E8
R
P 000002927C38E2B8
C 360
R
P 000002927C38E2B8
P 000002927C4BE8E8
C 9
R
P 000002927C38E2B8
C 360
R
P 000002927C38E2B8
P 000002927C4BE8E8
C 274
R
P 000002927C38E2B8
C 360
R
P 000002927C38E2B8
P 000002927C4BE8E8
C 271
= 000002927C4C6748
R
P 000002927C38E2B8
C 360
R
P 000002927C38E2B8
P 000002927C4C6748
C 226
R
P 000002927C38E2B8
C 360
R
P 000002927C38E2B8
P 000002927C4BE8E8
C 277
R
P 000002927C38E2B8
C 360
R
P 000002927C38E2B8
P 000002927C4BE8E8
C 276
R
P 000002927C38E2B8
C 360
R
P 000002927C38E2B8
P 000002927C4BE8E8
C 275
R
P 000002927C38E2B8
C 360
R
P 000002927C38E2B8
P 000002927C4BE8E8
C 9
R
P 000002927C38E2B8
C 360
R
P 000002927C38E2B8
P 000002927D284D98
U 1
C 481
= 000002927C4BE918
R
P 000002927C38E2B8
C 360
R
P 000002927C38E2B8
P 000002927C4BE918
C 9
R
P 000002927C38E2B8
C 360
R
P 000002927C38E2B8
P 000002927C4BE918
C 274
R
P 000002927C38E2B8
C 360
R
P 000002927C38E2B8
P 000002927C4BE918
C 271
= 000002927C4C6748
R
P 000002927C38E2B8
C 360
R
P 000002927C38E2B8
P 000002927C4C6748
C 226
R
P 000002927C38E2B8
C 360
R
P 000002927C38E2B8
P 000002927C4BE918
C 277
R
P 000002927C38E2B8
C 360
R
P 000002927C38E2B8
P 000002927C4BE918
C 276
R
P 000002927C38E2B8
C 360
R
P 000002927C38E2B8
P 000002927C4BE918
C 275
R
P 000002927C38E2B8
C 360
R
P 000002927C38E2B8
P 000002927C4BE918
C 9
R
P 000002927C38E2B8
C 360
R
P 000002927C38E2B8
P 000002927D284D98
U 2
C 481
= 000002927C4BEA68
R
P 000002927C38E2B8
C 360
R
P 000002927C38E2B8
P 000002927C4BEA68
C 9
R
P 000002927C38E2B8
C 360
R
P 000002927C38E2B8
P 000002927C4BEA68
C 274
R
P 000002927C38E2B8
C 360
R
P 000002927C38E2B8
P 000002927C4BEA68
C 271
= 000002927C4C6748
R
P 000002927C38E2B8
C 360
R
P 000002927C38E2B8
P 000002927C4C6748
C 226
R
P 000002927C38E2B8
C 360
R
P 000002927C38E2B8
P 000002927C4BEA68
C 277
R
P 000002927C38E2B8
C 360
R
P 000002927C38E2B8
P 000002927C4BEA68
C 276
R
P 000002927C38E2B8
C 360
R
P 000002927C38E2B8
P 000002927C4BEA68
C 275
R
P 000002927C38E2B8
C 360
R
P 000002927C38E2B8
P 000002927C4BEA68
C 9
R
P 000002927C38E2B8
C 360
R
P 000002927C38E2B8
P 000002927D284D98
U 3
C 481
= 000002927C4BEA68
R
P 000002927C38E2B8
C 360
R
P 000002927C38E2B8
P 000002927C4BEA68
C 9
R
P 000002927C38E2B8
C 360
R
P 000002927C38E2B8
P 000002927C4BEA68
C 274
R
P 000002927C38E2B8
C 360
R
P 000002927C38E2B8
P 000002927C4BEA68
C 271
= 000002927C4C6748
R
P 000002927C38E2B8
C 360
R
P 000002927C38E2B8
P 000002927C4C6748
C 226
R
P 000002927C38E2B8
C 360
R
P 000002927C38E2B8
P 000002927C4BEA68
C 277
R
P 000002927C38E2B8
C 360
R
P 000002927C38E2B8
P 000002927C4BEA68
C 276
R
P 000002927C38E2B8
C 360
R
P 000002927C38E2B8
P 000002927C4BEA68
C 275
R
P 000002927C38E2B8
C 360
R
P 000002927C38E2B8
P 000002927C4BEA68
C 9
R
P 000002927C38E2B8
C 360
R
P 000002927C38E2B8
P 000002927D284D98
U 4
C 481
= 000002927C4BEA68
R
P 000002927C38E2B8
C 360
R
P 000002927C38E2B8
P 000002927C4BEA68
C 9
R
P 000002927C38E2B8
C 360
R
P 000002927C38E2B8
P 000002927C4BEA68
C 274
R
P 000002927C38E2B8
C 360
R
P 000002927C38E2B8
P 000002927C4BEA68
C 271
= 000002927C4C6748
R
P 000002927C38E2B8
C 360
R
P 000002927C38E2B8
P 000002927C4C6748
C 226
R
P 000002927C38E2B8
C 360
R
P 000002927C38E2B8
P 000002927C4BEA68
C 277
R
P 000002927C38E2B8
C 360
R
P 000002927C38E2B8
P 000002927C4BEA68
C 276
R
P 000002927C38E2B8
C 360
R
P 000002927C38E2B8
P 000002927C4BEA68
C 275
R
P 000002927C38E2B8
C 360
R
P 000002927C38E2B8
P 000002927C4BEA68
C 9
R
P 000002927C38E2B8
C 360
R
P 000002927C38E2B8
P 000002927D284D98
U 5
C 481
= 000002927C4BEA68
R
P 000002927C38E2B8
C 360
R
P 000002927C38E2B8
P 000002927C4BEA68
C 9
R
P 000002927C38E2B8
C 360
R
P 000002927C38E2B8
P 000002927C4BEA68
C 274
R
P 000002927C38E2B8
C 360
R
P 000002927C38E2B8
P 000002927C4BEA68
C 271
= 000002927C4C6748
R
P 000002927C38E2B8
C 360
R
P 000002927C38E2B8
P 000002927C4C6748
C 226
R
P 000002927C38E2B8
C 360
R
P 000002927C38E2B8
P 000002927C4BEA68
C 277
R
P 000002927C38E2B8
C 360
R
P 000002927C38E2B8
P 000002927C4BEA68
C 276
R
P 000002927C38E2B8
C 360
R
P 000002927C38E2B8
P 000002927C4BEA68
C 275
R
P 000002927C38E2B8
C 360
R
P 000002927C38E2B8
P 000002927C4BEA68
C 9
R
P 000002927C38E2B8
C 360
R
P 000002927C38E2B8
P 000002927D284D98
U 6
C 481
= 000002927C4C30C8
R
P 000002927C38E2B8
C 360
R
P 000002927C38E2B8
P 000002927C4C30C8
C 9
R
P 000002927C38E2B8
C 360
R
P 000002927C38E2B8
P 000002927C4C30C8
C 274
R
P 000002927C38E2B8
C 360
R
P 000002927C38E2B8
P 000002927C4C30C8
C 271
= 000002927C4C6748
R
P 000002927C38E2B8
C 360
R
P 000002927C38E2B8
P 000002927C4C6748
C 226
R
P 000002927C38E2B8
C 360
R
P 000002927C38E2B8
P 000002927C4C30C8
C 277
R
P 000002927C38E2B8
C 360
R
P 000002927C38E2B8
P 000002927C4C30C8
C 276
R
P 000002927C38E2B8
C 360
R
P 000002927C38E2B8
P 000002927C4C30C8
C 275
R
P 000002927C38E2B8
C 360
R
P 000002927C38E2B8
P 000002927C4C30C8
C 9
R
P 000002927C38E2B8
C 360
R
P 000002927C38E2B8
P 000002927C4BE8E8
C 351
R
P 000002927C38E2B8
C 360
R
P 000002927C38E2B8
C 430
= 000002927D395DA8
R
P 000002927C38E2B8
C 360
R
P 000002927C38E2B8
P 000002927D395DA8
C 439
R
P 000002927C38E2B8
C 360
R
P 000002927C38E2B8
P 000002927D395DA8
P 000002927C4BE8E8
C 446
R
P 000002927C38E2B8
C 360
R
P 000002927C38E2B8
P 000002927D395DA8
C 455
R
P 000002927C38E2B8
C 360
R
P 000002927C38E2B8
P 000002927D395DA8
C 460
= 000002927D5C3F48
R
P 000002927C38E2B8
C 360
R
P 000002927C38E2B8
P 000002927D5C3F48
C 318
R
P 000002927C38E2B8
C 360
R
P 000002927C38E2B8
P 000002927D5C3F48
C 355
R
P 000002927C38E2B8
C 360
R
P 000002927C38E2B8
P 000002927D5C3F48
C 326
R
P 000002927C38E2B8
C 360
R
P 000002927C38E2B8
P 000002927D5C3F48
C 324
R
P 000002927C38E2B8
C 360
R
P 000002927C38E2B8
P 000002927D5C3F48
U 0
C 325
= 000002927C4BE888
R
P 000002927C38E2B8
C 360
R
P 000002927C38E2B8
P 000002927C4BE888
C 274
R
P 000002927C38E2B8
C 360
R
P 000002927C38E2B8
P 000002927C4BE888
C 9
R
P 000002927C38E2B8
C 360
R
P 000002927C38E2B8
P 000002927C4BE888
C 249
R
P 000002927C38E2B8
C 360
R
P 000002927C38E2B8
$ |y|
C 219
R
P 000002927C38E2B8
C 360
R
P 000002927C38E2B8
$ |y|
C 219
R
P 000002927C38E2B8
C 360
R
P 000002927C38E2B8
P 000002927C4BE888
C 252
R
P 000002927C38E2B8
C 360
R
P 000002927C38E2B8
P 000002927D5C3F48
P 000002927C4BE888
C 321
= 000002927C4C73E8
R
P 000002927C38E2B8
C 360
R
P 000002927C38E2B8
P 000002927C4C73E8
C 274
R
P 000002927C38E2B8
C 360
R
P 000002927C38E2B8
P 000002927C4C73E8
C 271
= 000002927C4C6808
R
P 000002927C38E2B8
C 360
R
P 000002927C38E2B8
P 000002927C4C6808
C 226
R
P 000002927C38E2B8
C 360
R
P 000002927C38E2B8
P 000002927C4C73E8
C 277
R
P 000002927C38E2B8
C 360
R
P 000002927C38E2B8
P 000002927C4C73E8
C 276
R
P 000002927C38E2B8
C 360
R
P 000002927C38E2B8
P 000002927C4C73E8
C 275
R
P 000002927C38E2B8
C 360
R
P 000002927C38E2B8
P 000002927C4C73E8
C 9
R
P 000002927C38E2B8
C 360
R
P 000002927C38E2B8
$ |y|
C 219
R
P 000002927C38E2B8
C 360
R
P 000002927C38E2B8
$ |y|
C 219
R
P 000002927C38E2B8
C 360
R
P 000002927C38E2B8
$ |y|
C 221
R
P 000002927C38E2B8
C 360
R
P 000002927C38E2B8
P 000002927C4C73E8
C 280
R
P 000002927C38E2B8
C 360
R
P 000002927C38E2B8
S "\040declare-fun x \040\041 Int\041 \040declare-fun y \040\041 Int\041 \040assert \040not \040\061 y 1\041\041\041 \040assert \040not \040\061 x 1\041\041\041 \040assert \040not \040\061 y 2\041\041\041 \040assert \040not \040\061 y 2\041\041\041 \040assert \040not \040\061 y 2\041\041\041 \040assert \040not \040\061 y 2\041\041\041 \040assert \040not \040\061 y 2\041\041\041 \040assert \040\061 \040* x y\041  1\041\041"
U 0
s 0
p 0
U 0
s 0
p 0
C 357
= 000002927D286B98
R
P 000002927C38E2B8
C 360
R
P 000002927C38E2B8
P 000002927D286B98
C 478
R
P 000002927C38E2B8
C 360
R
P 000002927C38E2B8
P 000002927D286B98
C 480
R
P 000002927C38E2B8
C 360
R
P 000002927C38E2B8
P 000002927D286B98
U 0
C 481
= 000002927C4BE8E8
R
P 000002927C38E2B8
C 360
R
P 000002927C38E2B8
P 000002927C4BE8E8
C 9
R
P 000002927C38E2B8
C 360
R
P 000002927C38E2B8
P 000002927C4BE8E8
C 274
R
P 000002927C38E2B8
C 360
R
P 000002927C38E2B8
P 000002927C4BE8E8
C 271
= 000002927C4C6748
R
P 000002927C38E2B8
C 360
R
P 000002927C38E2B8
P 000002927C4C6748
C 226
R
P 000002927C38E2B8
C 360
R
P 000002927C38E2B8
P 000002927C4BE8E8
C 277
R
P 000002927C38E2B8
C 360
R
P 000002927C38E2B8
P 000002927C4BE8E8
C 276
R
P 000002927C38E2B8
C 360
R
P 000002927C38E2B8
P 000002927C4BE8E8
C 275
R
P 000002927C38E2B8
C 360
R
P 000002927C38E2B8
P 000002927C4BE8E8
C 9
R
P 000002927C38E2B8
C 360
R
P 000002927C38E2B8
P 000002927D286B98
U 1
C 481
= 000002927C4BE918
R
P 000002927C38E2B8
C 360
R
P 000002927C38E2B8
P 000002927C4BE918
C 9
R
P 000002927C38E2B8
C 360
R
P 000002927C38E2B8
P 000002927C4BE918
C 274
R
P 000002927C38E2B8
C 360
R
P 000002927C38E2B8
P 000002927C4BE918
C 271
= 000002927C4C6748
R
P 000002927C38E2B8
C 360
R
P 000002927C38E2B8
P 000002927C4C6748
C 226
R
P 000002927C38E2B8
C 360
R
P 000002927C38E2B8
P 000002927C4BE918
C 277
R
P 000002927C38E2B8
C 360
R
P 000002927C38E2B8
P 000002927C4BE918
C 276
R
P 000002927C38E2B8
C 360
R
P 000002927C38E2B8
P 000002927C4BE918
C 275
R
P 000002927C38E2B8
C 360
R
P 000002927C38E2B8
P 000002927C4BE918
C 9
R
P 000002927C38E2B8
C 360
R
P 000002927C38E2B8
P 000002927D286B98
U 2
C 481
= 000002927C4BEA68
R
P 000002927C38E2B8
C 360
R
P 000002927C38E2B8
P 000002927C4BEA68
C 9
R
P 000002927C38E2B8
C 360
R
P 000002927C38E2B8
P 000002927C4BEA68
C 274
R
P 000002927C38E2B8
C 360
R
P 000002927C38E2B8
P 000002927C4BEA68
C 271
= 000002927C4C6748
R
P 000002927C38E2B8
C 360
R
P 000002927C38E2B8
P 000002927C4C6748
C 226
R
P 000002927C38E2B8
C 360
R
P 000002927C38E2B8
P 000002927C4BEA68
C 277
R
P 000002927C38E2B8
C 360
R
P 000002927C38E2B8
P 000002927C4BEA68
C 276
R
P 000002927C38E2B8
C 360
R
P 000002927C38E2B8
P 000002927C4BEA68
C 275
R
P 000002927C38E2B8
C 360
R
P 000002927C38E2B8
P 000002927C4BEA68
C 9
R
P 000002927C38E2B8
C 360
R
P 000002927C38E2B8
P 000002927D286B98
U 3
C 481
= 000002927C4BEA68
R
P 000002927C38E2B8
C 360
R
P 000002927C38E2B8
P 000002927C4BEA68
C 9
R
P 000002927C38E2B8
C 360
R
P 000002927C38E2B8
P 000002927C4BEA68
C 274
R
P 000002927C38E2B8
C 360
R
P 000002927C38E2B8
P 000002927C4BEA68
C 271
= 000002927C4C6748
R
P 000002927C38E2B8
C 360
R
P 000002927C38E2B8
P 000002927C4C6748
C 226
R
P 000002927C38E2B8
C 360
R
P 000002927C38E2B8
P 000002927C4BEA68
C 277
R
P 000002927C38E2B8
C 360
R
P 000002927C38E2B8
P 000002927C4BEA68
C 276
R
P 000002927C38E2B8
C 360
R
P 000002927C38E2B8
P 000002927C4BEA68
C 275
R
P 000002927C38E2B8
C 360
R
P 000002927C38E2B8
P 000002927C4BEA68
C 9
R
P 000002927C38E2B8
C 360
R
P 000002927C38E2B8
P 000002927D286B98
U 4
C 481
= 000002927C4BEA68
R
P 000002927C38E2B8
C 360
R
P 000002927C38E2B8
P 000002927C4BEA68
C 9
R
P 000002927C38E2B8
C 360
R
P 000002927C38E2B8
P 000002927C4BEA68
C 274
R
P 000002927C38E2B8
C 360
R
P 000002927C38E2B8
P 000002927C4BEA68
C 271
= 000002927C4C6748
R
P 000002927C38E2B8
C 360
R
P 000002927C38E2B8
P 000002927C4C6748
C 226
R
P 000002927C38E2B8
C 360
R
P 000002927C38E2B8
P 000002927C4BEA68
C 277
R
P 000002927C38E2B8
C 360
R
P 000002927C38E2B8
P 000002927C4BEA68
C 276
R
P 000002927C38E2B8
C 360
R
P 000002927C38E2B8
P 000002927C4BEA68
C 275
R
P 000002927C38E2B8
C 360
R
P 000002927C38E2B8
P 000002927C4BEA68
C 9
R
P 000002927C38E2B8
C 360
R
P 000002927C38E2B8
P 000002927D286B98
U 5
C 481
= 000002927C4BEA68
R
P 000002927C38E2B8
C 360
R
P 000002927C38E2B8
P 000002927C4BEA68
C 9
R
P 000002927C38E2B8
C 360
R
P 000002927C38E2B8
P 000002927C4BEA68
C 274
R
P 000002927C38E2B8
C 360
R
P 000002927C38E2B8
P 000002927C4BEA68
C 271
= 000002927C4C6748
R
P 000002927C38E2B8
C 360
R
P 000002927C38E2B8
P 000002927C4C6748
C 226
R
P 000002927C38E2B8
C 360
R
P 000002927C38E2B8
P 000002927C4BEA68
C 277
R
P 000002927C38E2B8
C 360
R
P 000002927C38E2B8
P 000002927C4BEA68
C 276
R
P 000002927C38E2B8
C 360
R
P 000002927C38E2B8
P 000002927C4BEA68
C 275
R
P 000002927C38E2B8
C 360
R
P 000002927C38E2B8
P 000002927C4BEA68
C 9
R
P 000002927C38E2B8
C 360
R
P 000002927C38E2B8
P 000002927D286B98
U 6
C 481
= 000002927C4BEA68
R
P 000002927C38E2B8
C 360
R
P 000002927C38E2B8
P 000002927C4BEA68
C 9
R
P 000002927C38E2B8
C 360
R
P 000002927C38E2B8
P 000002927C4BEA68
C 274
R
P 000002927C38E2B8
C 360
R
P 000002927C38E2B8
P 000002927C4BEA68
C 271
= 000002927C4C6748
R
P 000002927C38E2B8
C 360
R
P 000002927C38E2B8
P 000002927C4C6748
C 226
R
P 000002927C38E2B8
C 360
R
P 000002927C38E2B8
P 000002927C4BEA68
C 277
R
P 000002927C38E2B8
C 360
R
P 000002927C38E2B8
P 000002927C4BEA68
C 276
R
P 000002927C38E2B8
C 360
R
P 000002927C38E2B8
P 000002927C4BEA68
C 275
R
P 000002927C38E2B8
C 360
R
P 000002927C38E2B8
P 000002927C4BEA68
C 9
R
P 000002927C38E2B8
C 360
R
P 000002927C38E2B8
P 000002927D286B98
U 7
C 481
= 000002927C4C30C8
R
P 000002927C38E2B8
C 360
R
P 000002927C38E2B8
P 000002927C4C30C8
C 9
R
P 000002927C38E2B8
C 360
R
P 000002927C38E2B8
P 000002927C4C30C8
C 274
R
P 000002927C38E2B8
C 360
R
P 000002927C38E2B8
P 000002927C4C30C8
C 271
= 000002927C4C6748
R
P 000002927C38E2B8
C 360
R
P 000002927C38E2B8
P 000002927C4C6748
C 226
R
P 000002927C38E2B8
C 360
R
P 000002927C38E2B8
P 000002927C4C30C8
C 277
R
P 000002927C38E2B8
C 360
R
P 000002927C38E2B8
P 000002927C4C30C8
C 276
R
P 000002927C38E2B8
C 360
R
P 000002927C38E2B8
P 000002927C4C30C8
C 275
R
P 000002927C38E2B8
C 360
R
P 000002927C38E2B8
P 000002927C4C30C8
C 9
R
P 000002927C38E2B8
C 360
R
P 000002927C38E2B8
P 000002927C4BE8E8
C 351
R
P 000002927C38E2B8
C 360
R
P 000002927C38E2B8
C 430
= 000002927CDE4068
R
P 000002927C38E2B8
C 360
R
P 000002927C38E2B8
P 000002927CDE4068
C 439
R
P 000002927C38E2B8
C 360
R
P 000002927C38E2B8
P 000002927CDE4068
P 000002927C4BE8E8
C 446
R
P 000002927C38E2B8
C 360
R
P 000002927C38E2B8
P 000002927CDE4068
C 455
R
P 000002927C38E2B8
C 360
R
P 000002927C38E2B8
P 000002927CDE4068
C 460
= 000002927D8E0AB8
R
P 000002927C38E2B8
C 360
R
P 000002927C38E2B8
P 000002927D8E0AB8
C 318
R
P 000002927C38E2B8
C 360
R
P 000002927C38E2B8
P 000002927D8E0AB8
C 355
R
P 000002927C38E2B8
C 360
R
P 000002927C38E2B8
P 000002927D8E0AB8
C 326
R
P 000002927C38E2B8
C 360
R
P 000002927C38E2B8
P 000002927D8E0AB8
C 324
R
P 000002927C38E2B8
C 360
R
P 000002927C38E2B8
P 000002927D8E0AB8
U 0
C 325
= 000002927C4BE888
R
P 000002927C38E2B8
C 360
R
P 000002927C38E2B8
P 000002927C4BE888
C 274
R
P 000002927C38E2B8
C 360
R
P 000002927C38E2B8
P 000002927C4BE888
C 9
R
P 000002927C38E2B8
C 360
R
P 000002927C38E2B8
P 000002927C4BE888
C 249
R
P 000002927C38E2B8
C 360
R
P 000002927C38E2B8
$ |y|
C 219
R
P 000002927C38E2B8
C 360
R
P 000002927C38E2B8
$ |y|
C 219
R
P 000002927C38E2B8
C 360
R
P 000002927C38E2B8
P 000002927C4BE888
C 252
R
P 000002927C38E2B8
C 360
R
P 000002927C38E2B8
P 000002927D8E0AB8
P 000002927C4BE888
C 321
= 000002927C4C73E8
R
P 000002927C38E2B8
C 360
R
P 000002927C38E2B8
P 000002927C4C73E8
C 274
R
P 000002927C38E2B8
C 360
R
P 000002927C38E2B8
P 000002927C4C73E8
C 271
= 000002927C4C6808
R
P 000002927C38E2B8
C 360
R
P 000002927C38E2B8
P 000002927C4C6808
C 226
R
P 000002927C38E2B8
C 360
R
P 000002927C38E2B8
P 000002927C4C73E8
C 277
R
P 000002927C38E2B8
C 360
R
P 000002927C38E2B8
P 000002927C4C73E8
C 276
R
P 000002927C38E2B8
C 360
R
P 000002927C38E2B8
P 000002927C4C73E8
C 275
R
P 000002927C38E2B8
C 360
R
P 000002927C38E2B8
P 000002927C4C73E8
C 9
R
P 000002927C38E2B8
C 360
R
P 000002927C38E2B8
$ |y|
C 219
R
P 000002927C38E2B8
C 360
R
P 000002927C38E2B8
$ |y|
C 219
R
P 000002927C38E2B8
C 360
R
P 000002927C38E2B8
$ |y|
C 221
R
P 000002927C38E2B8
C 360
R
P 000002927C38E2B8
P 000002927C4C73E8
C 280
R
P 000002927C38E2B8
C 360
R
P 000002927C38E2B8
S "\040declare-fun x \040\041 Int\041 \040declare-fun y \040\041 Int\041 \040assert \040not \040\061 y 1\041\041\041 \040assert \040not \040\061 x 1\041\041\041 \040assert \040not \040\061 y 2\041\041\041 \040assert \040not \040\061 y 2\041\041\041 \040assert \040not \040\061 y 2\041\041\041 \040assert \040not \040\061 y 2\041\041\041 \040assert \040not \040\061 y 2\041\041\041 \040assert \040not \040\061 y 2\041\041\041 \040assert \040\061 \040* x y\041  1\041\041"
U 0
s 0
p 0
U 0
s 0
p 0
C 357
= 000002927D289858
R
P 000002927C38E2B8
C 360
R
P 000002927C38E2B8
P 000002927D289858
C 478
R
P 000002927C38E2B8
C 360
R
P 000002927C38E2B8
P 000002927D289858
C 480
R
P 000002927C38E2B8
C 360
R
P 000002927C38E2B8
P 000002927D289858
U 0
C 481
= 000002927C4BE8E8
R
P 000002927C38E2B8
C 360
R
P 000002927C38E2B8
P 000002927C4BE8E8
C 9
R
P 000002927C38E2B8
C 360
R
P 000002927C38E2B8
P 000002927C4BE8E8
C 274
R
P 000002927C38E2B8
C 360
R
P 000002927C38E2B8
P 000002927C4BE8E8
C 271
= 000002927C4C6748
R
P 000002927C38E2B8
C 360
R
P 000002927C38E2B8
P 000002927C4C6748
C 226
R
P 000002927C38E2B8
C 360
R
P 000002927C38E2B8
P 000002927C4BE8E8
C 277
R
P 000002927C38E2B8
C 360
R
P 000002927C38E2B8
P 000002927C4BE8E8
C 276
R
P 000002927C38E2B8
C 360
R
P 000002927C38E2B8
P 000002927C4BE8E8
C 275
R
P 000002927C38E2B8
C 360
R
P 000002927C38E2B8
P 000002927C4BE8E8
C 9
R
P 000002927C38E2B8
C 360
R
P 000002927C38E2B8
P 000002927D289858
U 1
C 481
= 000002927C4BE918
R
P 000002927C38E2B8
C 360
R
P 000002927C38E2B8
P 000002927C4BE918
C 9
R
P 000002927C38E2B8
C 360
R
P 000002927C38E2B8
P 000002927C4BE918
C 274
R
P 000002927C38E2B8
C 360
R
P 000002927C38E2B8
P 000002927C4BE918
C 271
= 000002927C4C6748
R
P 000002927C38E2B8
C 360
R
P 000002927C38E2B8
P 000002927C4C6748
C 226
R
P 000002927C38E2B8
C 360
R
P 000002927C38E2B8
P 000002927C4BE918
C 277
R
P 000002927C38E2B8
C 360
R
P 000002927C38E2B8
P 000002927C4BE918
C 276
R
P 000002927C38E2B8
C 360
R
P 000002927C38E2B8
P 000002927C4BE918
C 275
R
P 000002927C38E2B8
C 360
R
P 000002927C38E2B8
P 000002927C4BE918
C 9
R
P 000002927C38E2B8
C 360
R
P 000002927C38E2B8
P 000002927D289858
U 2
C 481
= 000002927C4BEA68
R
P 000002927C38E2B8
C 360
R
P 000002927C38E2B8
P 000002927C4BEA68
C 9
R
P 000002927C38E2B8
C 360
R
P 000002927C38E2B8
P 000002927C4BEA68
C 274
R
P 000002927C38E2B8
C 360
R
P 000002927C38E2B8
P 000002927C4BEA68
C 271
= 000002927C4C6748
R
P 000002927C38E2B8
C 360
R
P 000002927C38E2B8
P 000002927C4C6748
C 226
R
P 000002927C38E2B8
C 360
R
P 000002927C38E2B8
P 000002927C4BEA68
C 277
R
P 000002927C38E2B8
C 360
R
P 000002927C38E2B8
P 000002927C4BEA68
C 276
R
P 000002927C38E2B8
C 360
R
P 000002927C38E2B8
P 000002927C4BEA68
C 275
R
P 000002927C38E2B8
C 360
R
P 000002927C38E2B8
P 000002927C4BEA68
C 9
R
P 000002927C38E2B8
C 360
R
P 000002927C38E2B8
P 000002927D289858
U 3
C 481
= 000002927C4BEA68
R
P 000002927C38E2B8
C 360
R
P 000002927C38E2B8
P 000002927C4BEA68
C 9
R
P 000002927C38E2B8
C 360
R
P 000002927C38E2B8
P 000002927C4BEA68
C 274
R
P 000002927C38E2B8
C 360
R
P 000002927C38E2B8
P 000002927C4BEA68
C 271
= 000002927C4C6748
R
P 000002927C38E2B8
C 360
R
P 000002927C38E2B8
P 000002927C4C6748
C 226
R
P 000002927C38E2B8
C 360
R
P 000002927C38E2B8
P 000002927C4BEA68
C 277
R
P 000002927C38E2B8
C 360
R
P 000002927C38E2B8
P 000002927C4BEA68
C 276
R
P 000002927C38E2B8
C 360
R
P 000002927C38E2B8
P 000002927C4BEA68
C 275
R
P 000002927C38E2B8
C 360
R
P 000002927C38E2B8
P 000002927C4BEA68
C 9
R
P 000002927C38E2B8
C 360
R
P 000002927C38E2B8
P 000002927D289858
U 4
C 481
= 000002927C4BEA68
R
P 000002927C38E2B8
C 360
R
P 000002927C38E2B8
P 000002927C4BEA68
C 9
R
P 000002927C38E2B8
C 360
R
P 000002927C38E2B8
P 000002927C4BEA68
C 274
R
P 000002927C38E2B8
C 360
R
P 000002927C38E2B8
P 000002927C4BEA68
C 271
= 000002927C4C6748
R
P 000002927C38E2B8
C 360
R
P 000002927C38E2B8
P 000002927C4C6748
C 226
R
P 000002927C38E2B8
C 360
R
P 000002927C38E2B8
P 000002927C4BEA68
C 277
R
P 000002927C38E2B8
C 360
R
P 000002927C38E2B8
P 000002927C4BEA68
C 276
R
P 000002927C38E2B8
C 360
R
P 000002927C38E2B8
P 000002927C4BEA68
C 275
R
P 000002927C38E2B8
C 360
R
P 000002927C38E2B8
P 000002927C4BEA68
C 9
R
P 000002927C38E2B8
C 360
R
P 000002927C38E2B8
P 000002927D289858
U 5
C 481
= 000002927C4BEA68
R
P 000002927C38E2B8
C 360
R
P 000002927C38E2B8
P 000002927C4BEA68
C 9
R
P 000002927C38E2B8
C 360
R
P 000002927C38E2B8
P 000002927C4BEA68
C 274
R
P 000002927C38E2B8
C 360
R
P 000002927C38E2B8
P 000002927C4BEA68
C 271
= 000002927C4C6748
R
P 000002927C38E2B8
C 360
R
P 000002927C38E2B8
P 000002927C4C6748
C 226
R
P 000002927C38E2B8
C 360
R
P 000002927C38E2B8
P 000002927C4BEA68
C 277
R
P 000002927C38E2B8
C 360
R
P 000002927C38E2B8
P 000002927C4BEA68
C 276
R
P 000002927C38E2B8
C 360
R
P 000002927C38E2B8
P 000002927C4BEA68
C 275
R
P 000002927C38E2B8
C 360
R
P 000002927C38E2B8
P 000002927C4BEA68
C 9
R
P 000002927C38E2B8
C 360
R
P 000002927C38E2B8
P 000002927D289858
U 6
C 481
= 000002927C4BEA68
R
P 000002927C38E2B8
C 360
R
P 000002927C38E2B8
P 000002927C4BEA68
C 9
R
P 000002927C38E2B8
C 360
R
P 000002927C38E2B8
P 000002927C4BEA68
C 274
R
P 000002927C38E2B8
C 360
R
P 000002927C38E2B8
P 000002927C4BEA68
C 271
= 000002927C4C6748
R
P 000002927C38E2B8
C 360
R
P 000002927C38E2B8
P 000002927C4C6748
C 226
R
P 000002927C38E2B8
C 360
R
P 000002927C38E2B8
P 000002927C4BEA68
C 277
R
P 000002927C38E2B8
C 360
R
P 000002927C38E2B8
P 000002927C4BEA68
C 276
R
P 000002927C38E2B8
C 360
R
P 000002927C38E2B8
P 000002927C4BEA68
C 275
R
P 000002927C38E2B8
C 360
R
P 000002927C38E2B8
P 000002927C4BEA68
C 9
R
P 000002927C38E2B8
C 360
R
P 000002927C38E2B8
P 000002927D289858
U 7
C 481
= 000002927C4BEA68
R
P 000002927C38E2B8
C 360
R
P 000002927C38E2B8
P 000002927C4BEA68
C 9
R
P 000002927C38E2B8
C 360
R
P 000002927C38E2B8
P 000002927C4BEA68
C 274
R
P 000002927C38E2B8
C 360
R
P 000002927C38E2B8
P 000002927C4BEA68
C 271
= 000002927C4C6748
R
P 000002927C38E2B8
C 360
R
P 000002927C38E2B8
P 000002927C4C6748
C 226
R
P 000002927C38E2B8
C 360
R
P 000002927C38E2B8
P 000002927C4BEA68
C 277
R
P 000002927C38E2B8
C 360
R
P 000002927C38E2B8
P 000002927C4BEA68
C 276
R
P 000002927C38E2B8
C 360
R
P 000002927C38E2B8
P 000002927C4BEA68
C 275
R
P 000002927C38E2B8
C 360
R
P 000002927C38E2B8
P 000002927C4BEA68
C 9
R
P 000002927C38E2B8
C 360
R
P 000002927C38E2B8
P 000002927D289858
U 8
C 481
= 000002927C4C30C8
R
P 000002927C38E2B8
C 360
R
P 000002927C38E2B8
P 000002927C4C30C8
C 9
R
P 000002927C38E2B8
C 360
R
P 000002927C38E2B8
P 000002927C4C30C8
C 274
R
P 000002927C38E2B8
C 360
R
P 000002927C38E2B8
P 000002927C4C30C8
C 271
= 000002927C4C6748
R
P 000002927C38E2B8
C 360
R
P 000002927C38E2B8
P 000002927C4C6748
C 226
R
P 000002927C38E2B8
C 360
R
P 000002927C38E2B8
P 000002927C4C30C8
C 277
R
P 000002927C38E2B8
C 360
R
P 000002927C38E2B8
P 000002927C4C30C8
C 276
R
P 000002927C38E2B8
C 360
R
P 000002927C38E2B8
P 000002927C4C30C8
C 275
R
P 000002927C38E2B8
C 360
R
P 000002927C38E2B8
P 000002927C4C30C8
C 9
R
P 000002927C38E2B8
C 360
R
P 000002927C38E2B8
P 000002927C4BE8E8
C 351
R
P 000002927C38E2B8
C 360
R
P 000002927C38E2B8
C 430
= 000002927D79BB98
R
P 000002927C38E2B8
C 360
R
P 000002927C38E2B8
P 000002927D79BB98
C 439
R
P 000002927C38E2B8
C 360
R
P 000002927C38E2B8
P 000002927D79BB98
P 000002927C4BE8E8
C 446
R
P 000002927C38E2B8
C 360
R
P 000002927C38E2B8
P 000002927D79BB98
C 455
R
P 000002927C38E2B8
C 360
R
P 000002927C38E2B8
P 000002927D79BB98
C 460
= 000002927DB46028
R
P 000002927C38E2B8
C 360
R
P 000002927C38E2B8
P 000002927DB46028
C 318
R
P 000002927C38E2B8
C 360
R
P 000002927C38E2B8
P 000002927DB46028
C 355
R
P 000002927C38E2B8
C 360
R
P 000002927C38E2B8
P 000002927DB46028
C 326
R
P 000002927C38E2B8
C 360
R
P 000002927C38E2B8
P 000002927DB46028
C 324
R
P 000002927C38E2B8
C 360
R
P 000002927C38E2B8
P 000002927DB46028
U 0
C 325
= 000002927C4BE888
R
P 000002927C38E2B8
C 360
R
P 000002927C38E2B8
P 000002927C4BE888
C 274
R
P 000002927C38E2B8
C 360
R
P 000002927C38E2B8
P 000002927C4BE888
C 9
R
P 000002927C38E2B8
C 360
R
P 000002927C38E2B8
P 000002927C4BE888
C 249
R
P 000002927C38E2B8
C 360
R
P 000002927C38E2B8
$ |y|
C 219
R
P 000002927C38E2B8
C 360
R
P 000002927C38E2B8
$ |y|
C 219
R
P 000002927C38E2B8
C 360
R
P 000002927C38E2B8
P 000002927C4BE888
C 252
R
P 000002927C38E2B8
C 360
R
P 000002927C38E2B8
P 000002927DB46028
P 000002927C4BE888
C 321
= 000002927C4C73E8
R
P 000002927C38E2B8
C 360
R
P 000002927C38E2B8
P 000002927C4C73E8
C 274
R
P 000002927C38E2B8
C 360
R
P 000002927C38E2B8
P 000002927C4C73E8
C 271
= 000002927C4C6808
R
P 000002927C38E2B8
C 360
R
P 000002927C38E2B8
P 000002927C4C6808
C 226
R
P 000002927C38E2B8
C 360
R
P 000002927C38E2B8
P 000002927C4C73E8
C 277
R
P 000002927C38E2B8
C 360
R
P 000002927C38E2B8
P 000002927C4C73E8
C 276
R
P 000002927C38E2B8
C 360
R
P 000002927C38E2B8
P 000002927C4C73E8
C 275
R
P 000002927C38E2B8
C 360
R
P 000002927C38E2B8
P 000002927C4C73E8
C 9
R
P 000002927C38E2B8
C 360
R
P 000002927C38E2B8
$ |y|
C 219
R
P 000002927C38E2B8
C 360
R
P 000002927C38E2B8
$ |y|
C 219
R
P 000002927C38E2B8
C 360
R
P 000002927C38E2B8
$ |y|
C 221
R
P 000002927C38E2B8
C 360
R
P 000002927C38E2B8
P 000002927C4C73E8
C 280
R
P 000002927C38E2B8
C 360
R
P 000002927C38E2B8
S "\040declare-fun x \040\041 Int\041 \040declare-fun y \040\041 Int\041 \040assert \040not \040\061 y 1\041\041\041 \040assert \040not \040\061 x 1\041\041\041 \040assert \040not \040\061 y 2\041\041\041 \040assert \040not \040\061 y 2\041\041\041 \040assert \040not \040\061 y 2\041\041\041 \040assert \040not \040\061 y 2\041\041\041 \040assert \040not \040\061 y 2\041\041\041 \040assert \040not \040\061 y 2\041\041\041 \040assert \040not \040\061 y 2\041\041\041 \040assert \040\061 \040* x y\041  1\041\041"
U 0
s 0
p 0
U 0
s 0
p 0
C 357
= 000002927D283A18
R
P 000002927C38E2B8
C 360
R
P 000002927C38E2B8
P 000002927D283A18
C 478
R
P 000002927C38E2B8
C 360
R
P 000002927C38E2B8
P 000002927D283A18
C 480
R
P 000002927C38E2B8
C 360
R
P 000002927C38E2B8
P 000002927D283A18
U 0
C 481
= 000002927C4BE8E8
R
P 000002927C38E2B8
C 360
R
P 000002927C38E2B8
P 000002927C4BE8E8
C 9
R
P 000002927C38E2B8
C 360
R
P 000002927C38E2B8
P 000002927C4BE8E8
C 274
R
P 000002927C38E2B8
C 360
R
P 000002927C38E2B8
P 000002927C4BE8E8
C 271
= 000002927C4C6748
R
P 000002927C38E2B8
C 360
R
P 000002927C38E2B8
P 000002927C4C6748
C 226
R
P 000002927C38E2B8
C 360
R
P 000002927C38E2B8
P 000002927C4BE8E8
C 277
R
P 000002927C38E2B8
C 360
R
P 000002927C38E2B8
P 000002927C4BE8E8
C 276
R
P 000002927C38E2B8
C 360
R
P 000002927C38E2B8
P 000002927C4BE8E8
C 275
R
P 000002927C38E2B8
C 360
R
P 000002927C38E2B8
P 000002927C4BE8E8
C 9
R
P 000002927C38E2B8
C 360
R
P 000002927C38E2B8
P 000002927D283A18
U 1
C 481
= 000002927C4BE918
R
P 000002927C38E2B8
C 360
R
P 000002927C38E2B8
P 000002927C4BE918
C 9
R
P 000002927C38E2B8
C 360
R
P 000002927C38E2B8
P 000002927C4BE918
C 274
R
P 000002927C38E2B8
C 360
R
P 000002927C38E2B8
P 000002927C4BE918
C 271
= 000002927C4C6748
R
P 000002927C38E2B8
C 360
R
P 000002927C38E2B8
P 000002927C4C6748
C 226
R
P 000002927C38E2B8
C 360
R
P 000002927C38E2B8
P 000002927C4BE918
C 277
R
P 000002927C38E2B8
C 360
R
P 000002927C38E2B8
P 000002927C4BE918
C 276
R
P 000002927C38E2B8
C 360
R
P 000002927C38E2B8
P 000002927C4BE918
C 275
R
P 000002927C38E2B8
C 360
R
P 000002927C38E2B8
P 000002927C4BE918
C 9
R
P 000002927C38E2B8
C 360
R
P 000002927C38E2B8
P 000002927D283A18
U 2
C 481
= 000002927C4BEA68
R
P 000002927C38E2B8
C 360
R
P 000002927C38E2B8
P 000002927C4BEA68
C 9
R
P 000002927C38E2B8
C 360
R
P 000002927C38E2B8
P 000002927C4BEA68
C 274
R
P 000002927C38E2B8
C 360
R
P 000002927C38E2B8
P 000002927C4BEA68
C 271
= 000002927C4C6748
R
P 000002927C38E2B8
C 360
R
P 000002927C38E2B8
P 000002927C4C6748
C 226
R
P 000002927C38E2B8
C 360
R
P 000002927C38E2B8
P 000002927C4BEA68
C 277
R
P 000002927C38E2B8
C 360
R
P 000002927C38E2B8
P 000002927C4BEA68
C 276
R
P 000002927C38E2B8
C 360
R
P 000002927C38E2B8
P 000002927C4BEA68
C 275
R
P 000002927C38E2B8
C 360
R
P 000002927C38E2B8
P 000002927C4BEA68
C 9
R
P 000002927C38E2B8
C 360
R
P 000002927C38E2B8
P 000002927D283A18
U 3
C 481
= 000002927C4BEA68
R
P 000002927C38E2B8
C 360
R
P 000002927C38E2B8
P 000002927C4BEA68
C 9
R
P 000002927C38E2B8
C 360
R
P 000002927C38E2B8
P 000002927C4BEA68
C 274
R
P 000002927C38E2B8
C 360
R
P 000002927C38E2B8
P 000002927C4BEA68
C 271
= 000002927C4C6748
R
P 000002927C38E2B8
C 360
R
P 000002927C38E2B8
P 000002927C4C6748
C 226
R
P 000002927C38E2B8
C 360
R
P 000002927C38E2B8
P 000002927C4BEA68
C 277
R
P 000002927C38E2B8
C 360
R
P 000002927C38E2B8
P 000002927C4BEA68
C 276
R
P 000002927C38E2B8
C 360
R
P 000002927C38E2B8
P 000002927C4BEA68
C 275
R
P 000002927C38E2B8
C 360
R
P 000002927C38E2B8
P 000002927C4BEA68
C 9
R
P 000002927C38E2B8
C 360
R
P 000002927C38E2B8
P 000002927D283A18
U 4
C 481
= 000002927C4BEA68
R
P 000002927C38E2B8
C 360
R
P 000002927C38E2B8
P 000002927C4BEA68
C 9
R
P 000002927C38E2B8
C 360
R
P 000002927C38E2B8
P 000002927C4BEA68
C 274
R
P 000002927C38E2B8
C 360
R
P 000002927C38E2B8
P 000002927C4BEA68
C 271
= 000002927C4C6748
R
P 000002927C38E2B8
C 360
R
P 000002927C38E2B8
P 000002927C4C6748
C 226
R
P 000002927C38E2B8
C 360
R
P 000002927C38E2B8
P 000002927C4BEA68
C 277
R
P 000002927C38E2B8
C 360
R
P 000002927C38E2B8
P 000002927C4BEA68
C 276
R
P 000002927C38E2B8
C 360
R
P 000002927C38E2B8
P 000002927C4BEA68
C 275
R
P 000002927C38E2B8
C 360
R
P 000002927C38E2B8
P 000002927C4BEA68
C 9
R
P 000002927C38E2B8
C 360
R
P 000002927C38E2B8
P 000002927D283A18
U 5
C 481
= 000002927C4BEA68
R
P 000002927C38E2B8
C 360
R
P 000002927C38E2B8
P 000002927C4BEA68
C 9
R
P 000002927C38E2B8
C 360
R
P 000002927C38E2B8
P 000002927C4BEA68
C 274
R
P 000002927C38E2B8
C 360
R
P 000002927C38E2B8
P 000002927C4BEA68
C 271
= 000002927C4C6748
R
P 000002927C38E2B8
C 360
R
P 000002927C38E2B8
P 000002927C4C6748
C 226
R
P 000002927C38E2B8
C 360
R
P 000002927C38E2B8
P 000002927C4BEA68
C 277
R
P 000002927C38E2B8
C 360
R
P 000002927C38E2B8
P 000002927C4BEA68
C 276
R
P 000002927C38E2B8
C 360
R
P 000002927C38E2B8
P 000002927C4BEA68
C 275
R
P 000002927C38E2B8
C 360
R
P 000002927C38E2B8
P 000002927C4BEA68
C 9
R
P 000002927C38E2B8
C 360
R
P 000002927C38E2B8
P 000002927D283A18
U 6
C 481
= 000002927C4BEA68
R
P 000002927C38E2B8
C 360
R
P 000002927C38E2B8
P 000002927C4BEA68
C 9
R
P 000002927C38E2B8
C 360
R
P 000002927C38E2B8
P 000002927C4BEA68
C 274
R
P 000002927C38E2B8
C 360
R
P 000002927C38E2B8
P 000002927C4BEA68
C 271
= 000002927C4C6748
R
P 000002927C38E2B8
C 360
R
P 000002927C38E2B8
P 000002927C4C6748
C 226
R
P 000002927C38E2B8
C 360
R
P 000002927C38E2B8
P 000002927C4BEA68
C 277
R
P 000002927C38E2B8
C 360
R
P 000002927C38E2B8
P 000002927C4BEA68
C 276
R
P 000002927C38E2B8
C 360
R
P 000002927C38E2B8
P 000002927C4BEA68
C 275
R
P 000002927C38E2B8
C 360
R
P 000002927C38E2B8
P 000002927C4BEA68
C 9
R
P 000002927C38E2B8
C 360
R
P 000002927C38E2B8
P 000002927D283A18
U 7
C 481
= 000002927C4BEA68
R
P 000002927C38E2B8
C 360
R
P 000002927C38E2B8
P 000002927C4BEA68
C 9
R
P 000002927C38E2B8
C 360
R
P 000002927C38E2B8
P 000002927C4BEA68
C 274
R
P 000002927C38E2B8
C 360
R
P 000002927C38E2B8
P 000002927C4BEA68
C 271
= 000002927C4C6748
R
P 000002927C38E2B8
C 360
R
P 000002927C38E2B8
P 000002927C4C6748
C 226
R
P 000002927C38E2B8
C 360
R
P 000002927C38E2B8
P 000002927C4BEA68
C 277
R
P 000002927C38E2B8
C 360
R
P 000002927C38E2B8
P 000002927C4BEA68
C 276
R
P 000002927C38E2B8
C 360
R
P 000002927C38E2B8
P 000002927C4BEA68
C 275
R
P 000002927C38E2B8
C 360
R
P 000002927C38E2B8
P 000002927C4BEA68
C 9
R
P 000002927C38E2B8
C 360
R
P 000002927C38E2B8
P 000002927D283A18
U 8
C 481
= 000002927C4BEA68
R
P 000002927C38E2B8
C 360
R
P 000002927C38E2B8
P 000002927C4BEA68
C 9
R
P 000002927C38E2B8
C 360
R
P 000002927C38E2B8
P 000002927C4BEA68
C 274
R
P 000002927C38E2B8
C 360
R
P 000002927C38E2B8
P 000002927C4BEA68
C 271
= 000002927C4C6748
R
P 000002927C38E2B8
C 360
R
P 000002927C38E2B8
P 000002927C4C6748
C 226
R
P 000002927C38E2B8
C 360
R
P 000002927C38E2B8
P 000002927C4BEA68
C 277
R
P 000002927C38E2B8
C 360
R
P 000002927C38E2B8
P 000002927C4BEA68
C 276
R
P 000002927C38E2B8
C 360
R
P 000002927C38E2B8
P 000002927C4BEA68
C 275
R
P 000002927C38E2B8
C 360
R
P 000002927C38E2B8
P 000002927C4BEA68
C 9
R
P 000002927C38E2B8
C 360
R
P 000002927C38E2B8
P 000002927D283A18
U 9
C 481
= 000002927C4C30C8
R
P 000002927C38E2B8
C 360
R
P 000002927C38E2B8
P 000002927C4C30C8
C 9
R
P 000002927C38E2B8
C 360
R
P 000002927C38E2B8
P 000002927C4C30C8
C 274
R
P 000002927C38E2B8
C 360
R
P 000002927C38E2B8
P 000002927C4C30C8
C 271
= 000002927C4C6748
R
P 000002927C38E2B8
C 360
R
P 000002927C38E2B8
P 000002927C4C6748
C 226
R
P 000002927C38E2B8
C 360
R
P 000002927C38E2B8
P 000002927C4C30C8
C 277
R
P 000002927C38E2B8
C 360
R
P 000002927C38E2B8
P 000002927C4C30C8
C 276
R
P 000002927C38E2B8
C 360
R
P 000002927C38E2B8
P 000002927C4C30C8
C 275
R
P 000002927C38E2B8
C 360
R
P 000002927C38E2B8
P 000002927C4C30C8
C 9
R
P 000002927C38E2B8
C 360
R
P 000002927C38E2B8
P 000002927C4BE8E8
C 351
R
P 000002927C38E2B8
C 360
R
P 000002927C38E2B8
C 430
= 000002927DC99358
R
P 000002927C38E2B8
C 360
R
P 000002927C38E2B8
P 000002927DC99358
C 439
R
P 000002927C38E2B8
C 360
R
P 000002927C38E2B8
P 000002927DC99358
P 000002927C4BE8E8
C 446
R
P 000002927C38E2B8
C 360
R
P 000002927C38E2B8
P 000002927DC99358
C 455
R
P 000002927C38E2B8
C 360
R
P 000002927C38E2B8
P 000002927DC99358
C 460
= 000002927DEB34E8
R
P 000002927C38E2B8
C 360
R
P 000002927C38E2B8
P 000002927DEB34E8
C 318
R
P 000002927C38E2B8
C 360
R
P 000002927C38E2B8
P 000002927DEB34E8
C 355
R
P 000002927C38E2B8
C 360
R
P 000002927C38E2B8
P 000002927DEB34E8
C 326
R
P 000002927C38E2B8
C 360
R
P 000002927C38E2B8
P 000002927DEB34E8
C 324
R
P 000002927C38E2B8
C 360
R
P 000002927C38E2B8
P 000002927DEB34E8
U 0
C 325
= 000002927C4BE888
R
P 000002927C38E2B8
C 360
R
P 000002927C38E2B8
P 000002927C4BE888
C 274
R
P 000002927C38E2B8
C 360
R
P 000002927C38E2B8
P 000002927C4BE888
C 9
R
P 000002927C38E2B8
C 360
R
P 000002927C38E2B8
P 000002927C4BE888
C 249
R
P 000002927C38E2B8
C 360
R
P 000002927C38E2B8
$ |y|
C 219
R
P 000002927C38E2B8
C 360
R
P 000002927C38E2B8
$ |y|
C 219
R
P 000002927C38E2B8
C 360
R
P 000002927C38E2B8
P 000002927C4BE888
C 252
R
P 000002927C38E2B8
C 360
R
P 000002927C38E2B8
P 000002927DEB34E8
P 000002927C4BE888
C 321
= 000002927C4C73E8
R
P 000002927C38E2B8
C 360
R
P 000002927C38E2B8
P 000002927C4C73E8
C 274
R
P 000002927C38E2B8
C 360
R
P 000002927C38E2B8
P 000002927C4C73E8
C 271
= 000002927C4C6808
R
P 000002927C38E2B8
C 360
R
P 000002927C38E2B8
P 000002927C4C6808
C 226
R
P 000002927C38E2B8
C 360
R
P 000002927C38E2B8
P 000002927C4C73E8
C 277
R
P 000002927C38E2B8
C 360
R
P 000002927C38E2B8
P 000002927C4C73E8
C 276
R
P 000002927C38E2B8
C 360
R
P 000002927C38E2B8
P 000002927C4C73E8
C 275
R
P 000002927C38E2B8
C 360
R
P 000002927C38E2B8
P 000002927C4C73E8
C 9
R
P 000002927C38E2B8
C 360
R
P 000002927C38E2B8
$ |y|
C 219
R
P 000002927C38E2B8
C 360
R
P 000002927C38E2B8
$ |y|
C 219
R
P 000002927C38E2B8
C 360
R
P 000002927C38E2B8
$ |y|
C 221
R
P 000002927C38E2B8
C 360
R
P 000002927C38E2B8
P 000002927C4C73E8
C 280
R
P 000002927C38E2B8
C 360
R
P 000002927C38E2B8
S "\040declare-fun x \040\041 Int\041 \040declare-fun y \040\041 Int\041 \040assert \040not \040\061 y 1\041\041\041 \040assert \040not \040\061 x 1\041\041\041 \040assert \040not \040\061 y 2\041\041\041 \040assert \040not \040\061 y 2\041\041\041 \040assert \040not \040\061 y 2\041\041\041 \040assert \040not \040\061 y 2\041\041\041 \040assert \040not \040\061 y 2\041\041\041 \040assert \040not \040\061 y 2\041\041\041 \040assert \040not \040\061 y 2\041\041\041 \040assert \040not \040\061 y 2\041\041\041 \040assert \040\061 \040* x y\041  1\041\041"
U 0
s 0
p 0
U 0
s 0
p 0
C 357
= 000002927DD061B8
R
P 000002927C38E2B8
C 360
R
P 000002927C38E2B8
P 000002927DD061B8
C 478
R
P 000002927C38E2B8
C 360
R
P 000002927C38E2B8
P 000002927DD061B8
C 480
R
P 000002927C38E2B8
C 360
R
P 000002927C38E2B8
P 000002927DD061B8
U 0
C 481
= 000002927C4BE8E8
R
P 000002927C38E2B8
C 360
R
P 000002927C38E2B8
P 000002927C4BE8E8
C 9
R
P 000002927C38E2B8
C 360
R
P 000002927C38E2B8
P 000002927C4BE8E8
C 274
R
P 000002927C38E2B8
C 360
R
P 000002927C38E2B8
P 000002927C4BE8E8
C 271
= 000002927C4C6748
R
P 000002927C38E2B8
C 360
R
P 000002927C38E2B8
P 000002927C4C6748
C 226
R
P 000002927C38E2B8
C 360
R
P 000002927C38E2B8
P 000002927C4BE8E8
C 277
R
P 000002927C38E2B8
C 360
R
P 000002927C38E2B8
P 000002927C4BE8E8
C 276
R
P 000002927C38E2B8
C 360
R
P 000002927C38E2B8
P 000002927C4BE8E8
C 275
R
P 000002927C38E2B8
C 360
R
P 000002927C38E2B8
P 000002927C4BE8E8
C 9
R
P 000002927C38E2B8
C 360
R
P 000002927C38E2B8
P 000002927DD061B8
U 1
C 481
= 000002927C4BE918
R
P 000002927C38E2B8
C 360
R
P 000002927C38E2B8
P 000002927C4BE918
C 9
R
P 000002927C38E2B8
C 360
R
P 000002927C38E2B8
P 000002927C4BE918
C 274
R
P 000002927C38E2B8
C 360
R
P 000002927C38E2B8
P 000002927C4BE918
C 271
= 000002927C4C6748
R
P 000002927C38E2B8
C 360
R
P 000002927C38E2B8
P 000002927C4C6748
C 226
R
P 000002927C38E2B8
C 360
R
P 000002927C38E2B8
P 000002927C4BE918
C 277
R
P 000002927C38E2B8
C 360
R
P 000002927C38E2B8
P 000002927C4BE918
C 276
R
P 000002927C38E2B8
C 360
R
P 000002927C38E2B8
P 000002927C4BE918
C 275
R
P 000002927C38E2B8
C 360
R
P 000002927C38E2B8
P 000002927C4BE918
C 9
R
P 000002927C38E2B8
C 360
R
P 000002927C38E2B8
P 000002927DD061B8
U 2
C 481
= 000002927C4BEA68
R
P 000002927C38E2B8
C 360
R
P 000002927C38E2B8
P 000002927C4BEA68
C 9
R
P 000002927C38E2B8
C 360
R
P 000002927C38E2B8
P 000002927C4BEA68
C 274
R
P 000002927C38E2B8
C 360
R
P 000002927C38E2B8
P 000002927C4BEA68
C 271
= 000002927C4C6748
R
P 000002927C38E2B8
C 360
R
P 000002927C38E2B8
P 000002927C4C6748
C 226
R
P 000002927C38E2B8
C 360
R
P 000002927C38E2B8
P 000002927C4BEA68
C 277
R
P 000002927C38E2B8
C 360
R
P 000002927C38E2B8
P 000002927C4BEA68
C 276
R
P 000002927C38E2B8
C 360
R
P 000002927C38E2B8
P 000002927C4BEA68
C 275
R
P 000002927C38E2B8
C 360
R
P 000002927C38E2B8
P 000002927C4BEA68
C 9
R
P 000002927C38E2B8
C 360
R
P 000002927C38E2B8
P 000002927DD061B8
U 3
C 481
= 000002927C4BEA68
R
P 000002927C38E2B8
C 360
R
P 000002927C38E2B8
P 000002927C4BEA68
C 9
R
P 000002927C38E2B8
C 360
R
P 000002927C38E2B8
P 000002927C4BEA68
C 274
R
P 000002927C38E2B8
C 360
R
P 000002927C38E2B8
P 000002927C4BEA68
C 271
= 000002927C4C6748
R
P 000002927C38E2B8
C 360
R
P 000002927C38E2B8
P 000002927C4C6748
C 226
R
P 000002927C38E2B8
C 360
R
P 000002927C38E2B8
P 000002927C4BEA68
C 277
R
P 000002927C38E2B8
C 360
R
P 000002927C38E2B8
P 000002927C4BEA68
C 276
R
P 000002927C38E2B8
C 360
R
P 000002927C38E2B8
P 000002927C4BEA68
C 275
R
P 000002927C38E2B8
C 360
R
P 000002927C38E2B8
P 000002927C4BEA68
C 9
R
P 000002927C38E2B8
C 360
R
P 000002927C38E2B8
P 000002927DD061B8
U 4
C 481
= 000002927C4BEA68
R
P 000002927C38E2B8
C 360
R
P 000002927C38E2B8
P 000002927C4BEA68
C 9
R
P 000002927C38E2B8
C 360
R
P 000002927C38E2B8
P 000002927C4BEA68
C 274
R
P 000002927C38E2B8
C 360
R
P 000002927C38E2B8
P 000002927C4BEA68
C 271
= 000002927C4C6748
R
P 000002927C38E2B8
C 360
R
P 000002927C38E2B8
P 000002927C4C6748
C 226
R
P 000002927C38E2B8
C 360
R
P 000002927C38E2B8
P 000002927C4BEA68
C 277
R
P 000002927C38E2B8
C 360
R
P 000002927C38E2B8
P 000002927C4BEA68
C 276
R
P 000002927C38E2B8
C 360
R
P 000002927C38E2B8
P 000002927C4BEA68
C 275
R
P 000002927C38E2B8
C 360
R
P 000002927C38E2B8
P 000002927C4BEA68
C 9
R
P 000002927C38E2B8
C 360
R
P 000002927C38E2B8
P 000002927DD061B8
U 5
C 481
= 000002927C4BEA68
R
P 000002927C38E2B8
C 360
R
P 000002927C38E2B8
P 000002927C4BEA68
C 9
R
P 000002927C38E2B8
C 360
R
P 000002927C38E2B8
P 000002927C4BEA68
C 274
R
P 000002927C38E2B8
C 360
R
P 000002927C38E2B8
P 000002927C4BEA68
C 271
= 000002927C4C6748
R
P 000002927C38E2B8
C 360
R
P 000002927C38E2B8
P 000002927C4C6748
C 226
R
P 000002927C38E2B8
C 360
R
P 000002927C38E2B8
P 000002927C4BEA68
C 277
R
P 000002927C38E2B8
C 360
R
P 000002927C38E2B8
P 000002927C4BEA68
C 276
R
P 000002927C38E2B8
C 360
R
P 000002927C38E2B8
P 000002927C4BEA68
C 275
R
P 000002927C38E2B8
C 360
R
P 000002927C38E2B8
P 000002927C4BEA68
C 9
R
P 000002927C38E2B8
C 360
R
P 000002927C38E2B8
P 000002927DD061B8
U 6
C 481
= 000002927C4BEA68
R
P 000002927C38E2B8
C 360
R
P 000002927C38E2B8
P 000002927C4BEA68
C 9
R
P 000002927C38E2B8
C 360
R
P 000002927C38E2B8
P 000002927C4BEA68
C 274
R
P 000002927C38E2B8
C 360
R
P 000002927C38E2B8
P 000002927C4BEA68
C 271
= 000002927C4C6748
R
P 000002927C38E2B8
C 360
R
P 000002927C38E2B8
P 000002927C4C6748
C 226
R
P 000002927C38E2B8
C 360
R
P 000002927C38E2B8
P 000002927C4BEA68
C 277
R
P 000002927C38E2B8
C 360
R
P 000002927C38E2B8
P 000002927C4BEA68
C 276
R
P 000002927C38E2B8
C 360
R
P 000002927C38E2B8
P 000002927C4BEA68
C 275
R
P 000002927C38E2B8
C 360
R
P 000002927C38E2B8
P 000002927C4BEA68
C 9
R
P 000002927C38E2B8
C 360
R
P 000002927C38E2B8
P 000002927DD061B8
U 7
C 481
= 000002927C4BEA68
R
P 000002927C38E2B8
C 360
R
P 000002927C38E2B8
P 000002927C4BEA68
C 9
R
P 000002927C38E2B8
C 360
R
P 000002927C38E2B8
P 000002927C4BEA68
C 274
R
P 000002927C38E2B8
C 360
R
P 000002927C38E2B8
P 000002927C4BEA68
C 271
= 000002927C4C6748
R
P 000002927C38E2B8
C 360
R
P 000002927C38E2B8
P 000002927C4C6748
C 226
R
P 000002927C38E2B8
C 360
R
P 000002927C38E2B8
P 000002927C4BEA68
C 277
R
P 000002927C38E2B8
C 360
R
P 000002927C38E2B8
P 000002927C4BEA68
C 276
R
P 000002927C38E2B8
C 360
R
P 000002927C38E2B8
P 000002927C4BEA68
C 275
R
P 000002927C38E2B8
C 360
R
P 000002927C38E2B8
P 000002927C4BEA68
C 9
R
P 000002927C38E2B8
C 360
R
P 000002927C38E2B8
P 000002927DD061B8
U 8
C 481
= 000002927C4BEA68
R
P 000002927C38E2B8
C 360
R
P 000002927C38E2B8
P 000002927C4BEA68
C 9
R
P 000002927C38E2B8
C 360
R
P 000002927C38E2B8
P 000002927C4BEA68
C 274
R
P 000002927C38E2B8
C 360
R
P 000002927C38E2B8
P 000002927C4BEA68
C 271
= 000002927C4C6748
R
P 000002927C38E2B8
C 360
R
P 000002927C38E2B8
P 000002927C4C6748
C 226
R
P 000002927C38E2B8
C 360
R
P 000002927C38E2B8
P 000002927C4BEA68
C 277
R
P 000002927C38E2B8
C 360
R
P 000002927C38E2B8
P 000002927C4BEA68
C 276
R
P 000002927C38E2B8
C 360
R
P 000002927C38E2B8
P 000002927C4BEA68
C 275
R
P 000002927C38E2B8
C 360
R
P 000002927C38E2B8
P 000002927C4BEA68
C 9
R
P 000002927C38E2B8
C 360
R
P 000002927C38E2B8
P 000002927DD061B8
U 9
C 481
= 000002927C4BEA68
R
P 000002927C38E2B8
C 360
R
P 000002927C38E2B8
P 000002927C4BEA68
C 9
R
P 000002927C38E2B8
C 360
R
P 000002927C38E2B8
P 000002927C4BEA68
C 274
R
P 000002927C38E2B8
C 360
R
P 000002927C38E2B8
P 000002927C4BEA68
C 271
= 000002927C4C6748
R
P 000002927C38E2B8
C 360
R
P 000002927C38E2B8
P 000002927C4C6748
C 226
R
P 000002927C38E2B8
C 360
R
P 000002927C38E2B8
P 000002927C4BEA68
C 277
R
P 000002927C38E2B8
C 360
R
P 000002927C38E2B8
P 000002927C4BEA68
C 276
R
P 000002927C38E2B8
C 360
R
P 000002927C38E2B8
P 000002927C4BEA68
C 275
R
P 000002927C38E2B8
C 360
R
P 000002927C38E2B8
P 000002927C4BEA68
C 9
R
P 000002927C38E2B8
C 360
R
P 000002927C38E2B8
P 000002927DD061B8
U 10
C 481
= 000002927C4C30C8
R
P 000002927C38E2B8
C 360
R
P 000002927C38E2B8
P 000002927C4C30C8
C 9
R
P 000002927C38E2B8
C 360
R
P 000002927C38E2B8
P 000002927C4C30C8
C 274
R
P 000002927C38E2B8
C 360
R
P 000002927C38E2B8
P 000002927C4C30C8
C 271
= 000002927C4C6748
R
P 000002927C38E2B8
C 360
R
P 000002927C38E2B8
P 000002927C4C6748
C 226
R
P 000002927C38E2B8
C 360
R
P 000002927C38E2B8
P 000002927C4C30C8
C 277
R
P 000002927C38E2B8
C 360
R
P 000002927C38E2B8
P 000002927C4C30C8
C 276
R
P 000002927C38E2B8
C 360
R
P 000002927C38E2B8
P 000002927C4C30C8
C 275
R
P 000002927C38E2B8
C 360
R
P 000002927C38E2B8
P 000002927C4C30C8
C 9
R
P 000002927C38E2B8
C 360
R
P 000002927C38E2B8
P 000002927C4BE8E8
C 351
R
P 000002927C38E2B8
C 360
R
P 000002927C38E2B8
C 430
= 000002927DC991F8
R
P 000002927C38E2B8
C 360
R
P 000002927C38E2B8
P 000002927DC991F8
C 439
R
P 000002927C38E2B8
C 360
R
P 000002927C38E2B8
P 000002927DC991F8
P 000002927C4BE8E8
C 446
R
P 000002927C38E2B8
C 360
R
P 000002927C38E2B8
P 000002927DC991F8
C 455
R
P 000002927C38E2B8
C 360
R
P 000002927C38E2B8
P 000002927DC991F8
C 460
= 000002927E17B5D8
R
P 000002927C38E2B8
C 360
R
P 000002927C38E2B8
P 000002927E17B5D8
C 318
R
P 000002927C38E2B8
C 360
R
P 000002927C38E2B8
P 000002927E17B5D8
C 355
R
P 000002927C38E2B8
C 360
R
P 000002927C38E2B8
P 000002927E17B5D8
C 326
R
P 000002927C38E2B8
C 360
R
P 000002927C38E2B8
P 000002927E17B5D8
C 324
R
P 000002927C38E2B8
C 360
R
P 000002927C38E2B8
P 000002927E17B5D8
U 0
C 325
= 000002927C4BE888
R
P 000002927C38E2B8
C 360
R
P 000002927C38E2B8
P 000002927C4BE888
C 274
R
P 000002927C38E2B8
C 360
R
P 000002927C38E2B8
P 000002927C4BE888
C 9
R
P 000002927C38E2B8
C 360
R
P 000002927C38E2B8
P 000002927C4BE888
C 249
R
P 000002927C38E2B8
C 360
R
P 000002927C38E2B8
$ |y|
C 219
R
P 000002927C38E2B8
C 360
R
P 000002927C38E2B8
$ |y|
C 219
R
P 000002927C38E2B8
C 360
R
P 000002927C38E2B8
P 000002927C4BE888
C 252
R
P 000002927C38E2B8
C 360
R
P 000002927C38E2B8
P 000002927E17B5D8
P 000002927C4BE888
C 321
= 000002927C4C73E8
R
P 000002927C38E2B8
C 360
R
P 000002927C38E2B8
P 000002927C4C73E8
C 274
R
P 000002927C38E2B8
C 360
R
P 000002927C38E2B8
P 000002927C4C73E8
C 271
= 000002927C4C6808
R
P 000002927C38E2B8
C 360
R
P 000002927C38E2B8
P 000002927C4C6808
C 226
R
P 000002927C38E2B8
C 360
R
P 000002927C38E2B8
P 000002927C4C73E8
C 277
R
P 000002927C38E2B8
C 360
R
P 000002927C38E2B8
P 000002927C4C73E8
C 276
R
P 000002927C38E2B8
C 360
R
P 000002927C38E2B8
P 000002927C4C73E8
C 275
R
P 000002927C38E2B8
C 360
R
P 000002927C38E2B8
P 000002927C4C73E8
C 9
R
P 000002927C38E2B8
C 360
R
P 000002927C38E2B8
$ |y|
C 219
R
P 000002927C38E2B8
C 360
R
P 000002927C38E2B8
$ |y|
C 219
R
P 000002927C38E2B8
C 360
R
P 000002927C38E2B8
$ |y|
C 221
R
P 000002927C38E2B8
C 360
R
P 000002927C38E2B8
P 000002927C4C73E8
C 280
R
P 000002927C38E2B8
C 360
R
P 000002927C38E2B8
S "\040declare-fun x \040\041 Int\041 \040declare-fun y \040\041 Int\041 \040assert \040not \040\061 y 1\041\041\041 \040assert \040not \040\061 x 1\041\041\041 \040assert \040not \040\061 y 2\041\041\041 \040assert \040not \040\061 y 2\041\041\041 \040assert \040not \040\061 y 2\041\041\041 \040assert \040not \040\061 y 2\041\041\041 \040assert \040not \040\061 y 2\041\041\041 \040assert \040not \040\061 y 2\041\041\041 \040assert \040not \040\061 y 2\041\041\041 \040assert \040not \040\061 y 2\041\041\041 \040assert \040not \040\061 y 2\041\041\041 \040assert \040\061 \040* x y\041  1\041\041"
U 0
s 0
p 0
U 0
s 0
p 0
C 357
= 000002927DD09CF8
R
P 000002927C38E2B8
C 360
R
P 000002927C38E2B8
P 000002927DD09CF8
C 478
R
P 000002927C38E2B8
C 360
R
P 000002927C38E2B8
P 000002927DD09CF8
C 480
R
P 000002927C38E2B8
C 360
R
P 000002927C38E2B8
P 000002927DD09CF8
U 0
C 481
= 000002927C4BE8E8
R
P 000002927C38E2B8
C 360
R
P 000002927C38E2B8
P 000002927C4BE8E8
C 9
R
P 000002927C38E2B8
C 360
R
P 000002927C38E2B8
P 000002927C4BE8E8
C 274
R
P 000002927C38E2B8
C 360
R
P 000002927C38E2B8
P 000002927C4BE8E8
C 271
= 000002927C4C6748
R
P 000002927C38E2B8
C 360
R
P 000002927C38E2B8
P 000002927C4C6748
C 226
R
P 000002927C38E2B8
C 360
R
P 000002927C38E2B8
P 000002927C4BE8E8
C 277
R
P 000002927C38E2B8
C 360
R
P 000002927C38E2B8
P 000002927C4BE8E8
C 276
R
P 000002927C38E2B8
C 360
R
P 000002927C38E2B8
P 000002927C4BE8E8
C 275
R
P 000002927C38E2B8
C 360
R
P 000002927C38E2B8
P 000002927C4BE8E8
C 9
R
P 000002927C38E2B8
C 360
R
P 000002927C38E2B8
P 000002927DD09CF8
U 1
C 481
= 000002927C4BE918
R
P 000002927C38E2B8
C 360
R
P 000002927C38E2B8
P 000002927C4BE918
C 9
R
P 000002927C38E2B8
C 360
R
P 000002927C38E2B8
P 000002927C4BE918
C 274
R
P 000002927C38E2B8
C 360
R
P 000002927C38E2B8
P 000002927C4BE918
C 271
= 000002927C4C6748
R
P 000002927C38E2B8
C 360
R
P 000002927C38E2B8
P 000002927C4C6748
C 226
R
P 000002927C38E2B8
C 360
R
P 000002927C38E2B8
P 000002927C4BE918
C 277
R
P 000002927C38E2B8
C 360
R
P 000002927C38E2B8
P 000002927C4BE918
C 276
R
P 000002927C38E2B8
C 360
R
P 000002927C38E2B8
P 000002927C4BE918
C 275
R
P 000002927C38E2B8
C 360
R
P 000002927C38E2B8
P 000002927C4BE918
C 9
R
P 000002927C38E2B8
C 360
R
P 000002927C38E2B8
P 000002927DD09CF8
U 2
C 481
= 000002927C4BEA68
R
P 000002927C38E2B8
C 360
R
P 000002927C38E2B8
P 000002927C4BEA68
C 9
R
P 000002927C38E2B8
C 360
R
P 000002927C38E2B8
P 000002927C4BEA68
C 274
R
P 000002927C38E2B8
C 360
R
P 000002927C38E2B8
P 000002927C4BEA68
C 271
= 000002927C4C6748
R
P 000002927C38E2B8
C 360
R
P 000002927C38E2B8
P 000002927C4C6748
C 226
R
P 000002927C38E2B8
C 360
R
P 000002927C38E2B8
P 000002927C4BEA68
C 277
R
P 000002927C38E2B8
C 360
R
P 000002927C38E2B8
P 000002927C4BEA68
C 276
R
P 000002927C38E2B8
C 360
R
P 000002927C38E2B8
P 000002927C4BEA68
C 275
R
P 000002927C38E2B8
C 360
R
P 000002927C38E2B8
P 000002927C4BEA68
C 9
R
P 000002927C38E2B8
C 360
R
P 000002927C38E2B8
P 000002927DD09CF8
U 3
C 481
= 000002927C4BEA68
R
P 000002927C38E2B8
C 360
R
P 000002927C38E2B8
P 000002927C4BEA68
C 9
R
P 000002927C38E2B8
C 360
R
P 000002927C38E2B8
P 000002927C4BEA68
C 274
R
P 000002927C38E2B8
C 360
R
P 000002927C38E2B8
P 000002927C4BEA68
C 271
= 000002927C4C6748
R
P 000002927C38E2B8
C 360
R
P 000002927C38E2B8
P 000002927C4C6748
C 226
R
P 000002927C38E2B8
C 360
R
P 000002927C38E2B8
P 000002927C4BEA68
C 277
R
P 000002927C38E2B8
C 360
R
P 000002927C38E2B8
P 000002927C4BEA68
C 276
R
P 000002927C38E2B8
C 360
R
P 000002927C38E2B8
P 000002927C4BEA68
C 275
R
P 000002927C38E2B8
C 360
R
P 000002927C38E2B8
P 000002927C4BEA68
C 9
R
P 000002927C38E2B8
C 360
R
P 000002927C38E2B8
P 000002927DD09CF8
U 4
C 481
= 000002927C4BEA68
R
P 000002927C38E2B8
C 360
R
P 000002927C38E2B8
P 000002927C4BEA68
C 9
R
P 000002927C38E2B8
C 360
R
P 000002927C38E2B8
P 000002927C4BEA68
C 274
R
P 000002927C38E2B8
C 360
R
P 000002927C38E2B8
P 000002927C4BEA68
C 271
= 000002927C4C6748
R
P 000002927C38E2B8
C 360
R
P 000002927C38E2B8
P 000002927C4C6748
C 226
R
P 000002927C38E2B8
C 360
R
P 000002927C38E2B8
P 000002927C4BEA68
C 277
R
P 000002927C38E2B8
C 360
R
P 000002927C38E2B8
P 000002927C4BEA68
C 276
R
P 000002927C38E2B8
C 360
R
P 000002927C38E2B8
P 000002927C4BEA68
C 275
R
P 000002927C38E2B8
C 360
R
P 000002927C38E2B8
P 000002927C4BEA68
C 9
R
P 000002927C38E2B8
C 360
R
P 000002927C38E2B8
P 000002927DD09CF8
U 5
C 481
= 000002927C4BEA68
R
P 000002927C38E2B8
C 360
R
P 000002927C38E2B8
P 000002927C4BEA68
C 9
R
P 000002927C38E2B8
C 360
R
P 000002927C38E2B8
P 000002927C4BEA68
C 274
R
P 000002927C38E2B8
C 360
R
P 000002927C38E2B8
P 000002927C4BEA68
C 271
= 000002927C4C6748
R
P 000002927C38E2B8
C 360
R
P 000002927C38E2B8
P 000002927C4C6748
C 226
R
P 000002927C38E2B8
C 360
R
P 000002927C38E2B8
P 000002927C4BEA68
C 277
R
P 000002927C38E2B8
C 360
R
P 000002927C38E2B8
P 000002927C4BEA68
C 276
R
P 000002927C38E2B8
C 360
R
P 000002927C38E2B8
P 000002927C4BEA68
C 275
R
P 000002927C38E2B8
C 360
R
P 000002927C38E2B8
P 000002927C4BEA68
C 9
R
P 000002927C38E2B8
C 360
R
P 000002927C38E2B8
P 000002927DD09CF8
U 6
C 481
= 000002927C4BEA68
R
P 000002927C38E2B8
C 360
R
P 000002927C38E2B8
P 000002927C4BEA68
C 9
R
P 000002927C38E2B8
C 360
R
P 000002927C38E2B8
P 000002927C4BEA68
C 274
R
P 000002927C38E2B8
C 360
R
P 000002927C38E2B8
P 000002927C4BEA68
C 271
= 000002927C4C6748
R
P 000002927C38E2B8
C 360
R
P 000002927C38E2B8
P 000002927C4C6748
C 226
R
P 000002927C38E2B8
C 360
R
P 000002927C38E2B8
P 000002927C4BEA68
C 277
R
P 000002927C38E2B8
C 360
R
P 000002927C38E2B8
P 000002927C4BEA68
C 276
R
P 000002927C38E2B8
C 360
R
P 000002927C38E2B8
P 000002927C4BEA68
C 275
R
P 000002927C38E2B8
C 360
R
P 000002927C38E2B8
P 000002927C4BEA68
C 9
R
P 000002927C38E2B8
C 360
R
P 000002927C38E2B8
P 000002927DD09CF8
U 7
C 481
= 000002927C4BEA68
R
P 000002927C38E2B8
C 360
R
P 000002927C38E2B8
P 000002927C4BEA68
C 9
R
P 000002927C38E2B8
C 360
R
P 000002927C38E2B8
P 000002927C4BEA68
C 274
R
P 000002927C38E2B8
C 360
R
P 000002927C38E2B8
P 000002927C4BEA68
C 271
= 000002927C4C6748
R
P 000002927C38E2B8
C 360
R
P 000002927C38E2B8
P 000002927C4C6748
C 226
R
P 000002927C38E2B8
C 360
R
P 000002927C38E2B8
P 000002927C4BEA68
C 277
R
P 000002927C38E2B8
C 360
R
P 000002927C38E2B8
P 000002927C4BEA68
C 276
R
P 000002927C38E2B8
C 360
R
P 000002927C38E2B8
P 000002927C4BEA68
C 275
R
P 000002927C38E2B8
C 360
R
P 000002927C38E2B8
P 000002927C4BEA68
C 9
R
P 000002927C38E2B8
C 360
R
P 000002927C38E2B8
P 000002927DD09CF8
U 8
C 481
= 000002927C4BEA68
R
P 000002927C38E2B8
C 360
R
P 000002927C38E2B8
P 000002927C4BEA68
C 9
R
P 000002927C38E2B8
C 360
R
P 000002927C38E2B8
P 000002927C4BEA68
C 274
R
P 000002927C38E2B8
C 360
R
P 000002927C38E2B8
P 000002927C4BEA68
C 271
= 000002927C4C6748
R
P 000002927C38E2B8
C 360
R
P 000002927C38E2B8
P 000002927C4C6748
C 226
R
P 000002927C38E2B8
C 360
R
P 000002927C38E2B8
P 000002927C4BEA68
C 277
R
P 000002927C38E2B8
C 360
R
P 000002927C38E2B8
P 000002927C4BEA68
C 276
R
P 000002927C38E2B8
C 360
R
P 000002927C38E2B8
P 000002927C4BEA68
C 275
R
P 000002927C38E2B8
C 360
R
P 000002927C38E2B8
P 000002927C4BEA68
C 9
R
P 000002927C38E2B8
C 360
R
P 000002927C38E2B8
P 000002927DD09CF8
U 9
C 481
= 000002927C4BEA68
R
P 000002927C38E2B8
C 360
R
P 000002927C38E2B8
P 000002927C4BEA68
C 9
R
P 000002927C38E2B8
C 360
R
P 000002927C38E2B8
P 000002927C4BEA68
C 274
R
P 000002927C38E2B8
C 360
R
P 000002927C38E2B8
P 000002927C4BEA68
C 271
= 000002927C4C6748
R
P 000002927C38E2B8
C 360
R
P 000002927C38E2B8
P 000002927C4C6748
C 226
R
P 000002927C38E2B8
C 360
R
P 000002927C38E2B8
P 000002927C4BEA68
C 277
R
P 000002927C38E2B8
C 360
R
P 000002927C38E2B8
P 000002927C4BEA68
C 276
R
P 000002927C38E2B8
C 360
R
P 000002927C38E2B8
P 000002927C4BEA68
C 275
R
P 000002927C38E2B8
C 360
R
P 000002927C38E2B8
P 000002927C4BEA68
C 9
R
P 000002927C38E2B8
C 360
R
P 000002927C38E2B8
P 000002927DD09CF8
U 10
C 481
= 000002927C4BEA68
R
P 000002927C38E2B8
C 360
R
P 000002927C38E2B8
P 000002927C4BEA68
C 9
R
P 000002927C38E2B8
C 360
R
P 000002927C38E2B8
P 000002927C4BEA68
C 274
R
P 000002927C38E2B8
C 360
R
P 000002927C38E2B8
P 000002927C4BEA68
C 271
= 000002927C4C6748
R
P 000002927C38E2B8
C 360
R
P 000002927C38E2B8
P 000002927C4C6748
C 226
R
P 000002927C38E2B8
C 360
R
P 000002927C38E2B8
P 000002927C4BEA68
C 277
R
P 000002927C38E2B8
C 360
R
P 000002927C38E2B8
P 000002927C4BEA68
C 276
R
P 000002927C38E2B8
C 360
R
P 000002927C38E2B8
P 000002927C4BEA68
C 275
R
P 000002927C38E2B8
C 360
R
P 000002927C38E2B8
P 000002927C4BEA68
C 9
R
P 000002927C38E2B8
C 360
R
P 000002927C38E2B8
P 000002927DD09CF8
U 11
C 481
= 000002927C4C30C8
R
P 000002927C38E2B8
C 360
R
P 000002927C38E2B8
P 000002927C4C30C8
C 9
R
P 000002927C38E2B8
C 360
R
P 000002927C38E2B8
P 000002927C4C30C8
C 274
R
P 000002927C38E2B8
C 360
R
P 000002927C38E2B8
P 000002927C4C30C8
C 271
= 000002927C4C6748
R
P 000002927C38E2B8
C 360
R
P 000002927C38E2B8
P 000002927C4C6748
C 226
R
P 000002927C38E2B8
C 360
R
P 000002927C38E2B8
P 000002927C4C30C8
C 277
R
P 000002927C38E2B8
C 360
R
P 000002927C38E2B8
P 000002927C4C30C8
C 276
R
P 000002927C38E2B8
C 360
R
P 000002927C38E2B8
P 000002927C4C30C8
C 275
R
P 000002927C38E2B8
C 360
R
P 000002927C38E2B8
P 000002927C4C30C8
C 9
R
P 000002927C38E2B8
C 360
R
P 000002927C38E2B8
P 000002927C4BE8E8
C 351
R
P 000002927C38E2B8
C 360
R
P 000002927C38E2B8
C 430
= 000002927DDC01C8
R
P 000002927C38E2B8
C 360
R
P 000002927C38E2B8
P 000002927DDC01C8
C 439
R
P 000002927C38E2B8
C 360
R
P 000002927C38E2B8
P 000002927DDC01C8
P 000002927C4BE8E8
C 446
R
P 000002927C38E2B8
C 360
R
P 000002927C38E2B8
P 000002927DDC01C8
C 455
R
P 000002927C38E2B8
C 360
R
P 000002927C38E2B8
P 000002927DDC01C8
C 460
= 000002927E49F288
R
P 000002927C38E2B8
C 360
R
P 000002927C38E2B8
P 000002927E49F288
C 318
R
P 000002927C38E2B8
C 360
R
P 000002927C38E2B8
P 000002927E49F288
C 355
R
P 000002927C38E2B8
C 360
R
P 000002927C38E2B8
P 000002927E49F288
C 326
R
P 000002927C38E2B8
C 360
R
P 000002927C38E2B8
P 000002927E49F288
C 324
R
P 000002927C38E2B8
C 360
R
P 000002927C38E2B8
P 000002927E49F288
U 0
C 325
= 000002927C4BE888
R
P 000002927C38E2B8
C 360
R
P 000002927C38E2B8
P 000002927C4BE888
C 274
R
P 000002927C38E2B8
C 360
R
P 000002927C38E2B8
P 000002927C4BE888
C 9
R
P 000002927C38E2B8
C 360
R
P 000002927C38E2B8
P 000002927C4BE888
C 249
R
P 000002927C38E2B8
C 360
R
P 000002927C38E2B8
$ |y|
C 219
R
P 000002927C38E2B8
C 360
R
P 000002927C38E2B8
$ |y|
C 219
R
P 000002927C38E2B8
C 360
R
P 000002927C38E2B8
P 000002927C4BE888
C 252
R
P 000002927C38E2B8
C 360
R
P 000002927C38E2B8
P 000002927E49F288
P 000002927C4BE888
C 321
= 000002927C4C73E8
R
P 000002927C38E2B8
C 360
R
P 000002927C38E2B8
P 000002927C4C73E8
C 274
R
P 000002927C38E2B8
C 360
R
P 000002927C38E2B8
P 000002927C4C73E8
C 271
= 000002927C4C6808
R
P 000002927C38E2B8
C 360
R
P 000002927C38E2B8
P 000002927C4C6808
C 226
R
P 000002927C38E2B8
C 360
R
P 000002927C38E2B8
P 000002927C4C73E8
C 277
R
P 000002927C38E2B8
C 360
R
P 000002927C38E2B8
P 000002927C4C73E8
C 276
R
P 000002927C38E2B8
C 360
R
P 000002927C38E2B8
P 000002927C4C73E8
C 275
R
P 000002927C38E2B8
C 360
R
P 000002927C38E2B8
P 000002927C4C73E8
C 9
R
P 000002927C38E2B8
C 360
R
P 000002927C38E2B8
$ |y|
C 219
R
P 000002927C38E2B8
C 360
R
P 000002927C38E2B8
$ |y|
C 219
R
P 000002927C38E2B8
C 360
R
P 000002927C38E2B8
$ |y|
C 221
R
P 000002927C38E2B8
C 360
R
P 000002927C38E2B8
P 000002927C4C73E8
C 280
R
P 000002927C38E2B8
C 360
R
P 000002927C38E2B8
S "\040declare-fun x \040\041 Int\041 \040declare-fun y \040\041 Int\041 \040assert \040not \040\061 y 1\041\041\041 \040assert \040not \040\061 x 1\041\041\041 \040assert \040not \040\061 y 2\041\041\041 \040assert \040not \040\061 y 2\041\041\041 \040assert \040not \040\061 y 2\041\041\041 \040assert \040not \040\061 y 2\041\041\041 \040assert \040not \040\061 y 2\041\041\041 \040assert \040not \040\061 y 2\041\041\041 \040assert \040not \040\061 y 2\041\041\041 \040assert \040not \040\061 y 2\041\041\041 \040assert \040not \040\061 y 2\041\041\041 \040assert \040not \040\061 y 2\041\041\041 \040assert \040\061 \040* x y\041  1\041\041"
U 0
s 0
p 0
U 0
s 0
p 0
C 357
= 000002927DD0BE38
R
P 000002927C38E2B8
C 360
R
P 000002927C38E2B8
P 000002927DD0BE38
C 478
R
P 000002927C38E2B8
C 360
R
P 000002927C38E2B8
P 000002927DD0BE38
C 480
R
P 000002927C38E2B8
C 360
R
P 000002927C38E2B8
P 000002927DD0BE38
U 0
C 481
= 000002927C4BE8E8
R
P 000002927C38E2B8
C 360
R
P 000002927C38E2B8
P 000002927C4BE8E8
C 9
R
P 000002927C38E2B8
C 360
R
P 000002927C38E2B8
P 000002927C4BE8E8
C 274
R
P 000002927C38E2B8
C 360
R
P 000002927C38E2B8
P 000002927C4BE8E8
C 271
= 000002927C4C6748
R
P 000002927C38E2B8
C 360
R
P 000002927C38E2B8
P 000002927C4C6748
C 226
R
P 000002927C38E2B8
C 360
R
P 000002927C38E2B8
P 000002927C4BE8E8
C 277
R
P 000002927C38E2B8
C 360
R
P 000002927C38E2B8
P 000002927C4BE8E8
C 276
R
P 000002927C38E2B8
C 360
R
P 000002927C38E2B8
P 000002927C4BE8E8
C 275
R
P 000002927C38E2B8
C 360
R
P 000002927C38E2B8
P 000002927C4BE8E8
C 9
R
P 000002927C38E2B8
C 360
R
P 000002927C38E2B8
P 000002927DD0BE38
U 1
C 481
= 000002927C4BE918
R
P 000002927C38E2B8
C 360
R
P 000002927C38E2B8
P 000002927C4BE918
C 9
R
P 000002927C38E2B8
C 360
R
P 000002927C38E2B8
P 000002927C4BE918
C 274
R
P 000002927C38E2B8
C 360
R
P 000002927C38E2B8
P 000002927C4BE918
C 271
= 000002927C4C6748
R
P 000002927C38E2B8
C 360
R
P 000002927C38E2B8
P 000002927C4C6748
C 226
R
P 000002927C38E2B8
C 360
R
P 000002927C38E2B8
P 000002927C4BE918
C 277
R
P 000002927C38E2B8
C 360
R
P 000002927C38E2B8
P 000002927C4BE918
C 276
R
P 000002927C38E2B8
C 360
R
P 000002927C38E2B8
P 000002927C4BE918
C 275
R
P 000002927C38E2B8
C 360
R
P 000002927C38E2B8
P 000002927C4BE918
C 9
R
P 000002927C38E2B8
C 360
R
P 000002927C38E2B8
P 000002927DD0BE38
U 2
C 481
= 000002927C4BEA68
R
P 000002927C38E2B8
C 360
R
P 000002927C38E2B8
P 000002927C4BEA68
C 9
R
P 000002927C38E2B8
C 360
R
P 000002927C38E2B8
P 000002927C4BEA68
C 274
R
P 000002927C38E2B8
C 360
R
P 000002927C38E2B8
P 000002927C4BEA68
C 271
= 000002927C4C6748
R
P 000002927C38E2B8
C 360
R
P 000002927C38E2B8
P 000002927C4C6748
C 226
R
P 000002927C38E2B8
C 360
R
P 000002927C38E2B8
P 000002927C4BEA68
C 277
R
P 000002927C38E2B8
C 360
R
P 000002927C38E2B8
P 000002927C4BEA68
C 276
R
P 000002927C38E2B8
C 360
R
P 000002927C38E2B8
P 000002927C4BEA68
C 275
R
P 000002927C38E2B8
C 360
R
P 000002927C38E2B8
P 000002927C4BEA68
C 9
R
P 000002927C38E2B8
C 360
R
P 000002927C38E2B8
P 000002927DD0BE38
U 3
C 481
= 000002927C4BEA68
R
P 000002927C38E2B8
C 360
R
P 000002927C38E2B8
P 000002927C4BEA68
C 9
R
P 000002927C38E2B8
C 360
R
P 000002927C38E2B8
P 000002927C4BEA68
C 274
R
P 000002927C38E2B8
C 360
R
P 000002927C38E2B8
P 000002927C4BEA68
C 271
= 000002927C4C6748
R
P 000002927C38E2B8
C 360
R
P 000002927C38E2B8
P 000002927C4C6748
C 226
R
P 000002927C38E2B8
C 360
R
P 000002927C38E2B8
P 000002927C4BEA68
C 277
R
P 000002927C38E2B8
C 360
R
P 000002927C38E2B8
P 000002927C4BEA68
C 276
R
P 000002927C38E2B8
C 360
R
P 000002927C38E2B8
P 000002927C4BEA68
C 275
R
P 000002927C38E2B8
C 360
R
P 000002927C38E2B8
P 000002927C4BEA68
C 9
R
P 000002927C38E2B8
C 360
R
P 000002927C38E2B8
P 000002927DD0BE38
U 4
C 481
= 000002927C4BEA68
R
P 000002927C38E2B8
C 360
R
P 000002927C38E2B8
P 000002927C4BEA68
C 9
R
P 000002927C38E2B8
C 360
R
P 000002927C38E2B8
P 000002927C4BEA68
C 274
R
P 000002927C38E2B8
C 360
R
P 000002927C38E2B8
P 000002927C4BEA68
C 271
= 000002927C4C6748
R
P 000002927C38E2B8
C 360
R
P 000002927C38E2B8
P 000002927C4C6748
C 226
R
P 000002927C38E2B8
C 360
R
P 000002927C38E2B8
P 000002927C4BEA68
C 277
R
P 000002927C38E2B8
C 360
R
P 000002927C38E2B8
P 000002927C4BEA68
C 276
R
P 000002927C38E2B8
C 360
R
P 000002927C38E2B8
P 000002927C4BEA68
C 275
R
P 000002927C38E2B8
C 360
R
P 000002927C38E2B8
P 000002927C4BEA68
C 9
R
P 000002927C38E2B8
C 360
R
P 000002927C38E2B8
P 000002927DD0BE38
U 5
C 481
= 000002927C4BEA68
R
P 000002927C38E2B8
C 360
R
P 000002927C38E2B8
P 000002927C4BEA68
C 9
R
P 000002927C38E2B8
C 360
R
P 000002927C38E2B8
P 000002927C4BEA68
C 274
R
P 000002927C38E2B8
C 360
R
P 000002927C38E2B8
P 000002927C4BEA68
C 271
= 000002927C4C6748
R
P 000002927C38E2B8
C 360
R
P 000002927C38E2B8
P 000002927C4C6748
C 226
R
P 000002927C38E2B8
C 360
R
P 000002927C38E2B8
P 000002927C4BEA68
C 277
R
P 000002927C38E2B8
C 360
R
P 000002927C38E2B8
P 000002927C4BEA68
C 276
R
P 000002927C38E2B8
C 360
R
P 000002927C38E2B8
P 000002927C4BEA68
C 275
R
P 000002927C38E2B8
C 360
R
P 000002927C38E2B8
P 000002927C4BEA68
C 9
R
P 000002927C38E2B8
C 360
R
P 000002927C38E2B8
P 000002927DD0BE38
U 6
C 481
= 000002927C4BEA68
R
P 000002927C38E2B8
C 360
R
P 000002927C38E2B8
P 000002927C4BEA68
C 9
R
P 000002927C38E2B8
C 360
R
P 000002927C38E2B8
P 000002927C4BEA68
C 274
R
P 000002927C38E2B8
C 360
R
P 000002927C38E2B8
P 000002927C4BEA68
C 271
= 000002927C4C6748
R
P 000002927C38E2B8
C 360
R
P 000002927C38E2B8
P 000002927C4C6748
C 226
R
P 000002927C38E2B8
C 360
R
P 000002927C38E2B8
P 000002927C4BEA68
C 277
R
P 000002927C38E2B8
C 360
R
P 000002927C38E2B8
P 000002927C4BEA68
C 276
R
P 000002927C38E2B8
C 360
R
P 000002927C38E2B8
P 000002927C4BEA68
C 275
R
P 000002927C38E2B8
C 360
R
P 000002927C38E2B8
P 000002927C4BEA68
C 9
R
P 000002927C38E2B8
C 360
R
P 000002927C38E2B8
P 000002927DD0BE38
U 7
C 481
= 000002927C4BEA68
R
P 000002927C38E2B8
C 360
R
P 000002927C38E2B8
P 000002927C4BEA68
C 9
R
P 000002927C38E2B8
C 360
R
P 000002927C38E2B8
P 000002927C4BEA68
C 274
R
P 000002927C38E2B8
C 360
R
P 000002927C38E2B8
P 000002927C4BEA68
C 271
= 000002927C4C6748
R
P 000002927C38E2B8
C 360
R
P 000002927C38E2B8
P 000002927C4C6748
C 226
R
P 000002927C38E2B8
C 360
R
P 000002927C38E2B8
P 000002927C4BEA68
C 277
R
P 000002927C38E2B8
C 360
R
P 000002927C38E2B8
P 000002927C4BEA68
C 276
R
P 000002927C38E2B8
C 360
R
P 000002927C38E2B8
P 000002927C4BEA68
C 275
R
P 000002927C38E2B8
C 360
R
P 000002927C38E2B8
P 000002927C4BEA68
C 9
R
P 000002927C38E2B8
C 360
R
P 000002927C38E2B8
P 000002927DD0BE38
U 8
C 481
= 000002927C4BEA68
R
P 000002927C38E2B8
C 360
R
P 000002927C38E2B8
P 000002927C4BEA68
C 9
R
P 000002927C38E2B8
C 360
R
P 000002927C38E2B8
P 000002927C4BEA68
C 274
R
P 000002927C38E2B8
C 360
R
P 000002927C38E2B8
P 000002927C4BEA68
C 271
= 000002927C4C6748
R
P 000002927C38E2B8
C 360
R
P 000002927C38E2B8
P 000002927C4C6748
C 226
R
P 000002927C38E2B8
C 360
R
P 000002927C38E2B8
P 000002927C4BEA68
C 277
R
P 000002927C38E2B8
C 360
R
P 000002927C38E2B8
P 000002927C4BEA68
C 276
R
P 000002927C38E2B8
C 360
R
P 000002927C38E2B8
P 000002927C4BEA68
C 275
R
P 000002927C38E2B8
C 360
R
P 000002927C38E2B8
P 000002927C4BEA68
C 9
R
P 000002927C38E2B8
C 360
R
P 000002927C38E2B8
P 000002927DD0BE38
U 9
C 481
= 000002927C4BEA68
R
P 000002927C38E2B8
C 360
R
P 000002927C38E2B8
P 000002927C4BEA68
C 9
R
P 000002927C38E2B8
C 360
R
P 000002927C38E2B8
P 000002927C4BEA68
C 274
R
P 000002927C38E2B8
C 360
R
P 000002927C38E2B8
P 000002927C4BEA68
C 271
= 000002927C4C6748
R
P 000002927C38E2B8
C 360
R
P 000002927C38E2B8
P 000002927C4C6748
C 226
R
P 000002927C38E2B8
C 360
R
P 000002927C38E2B8
P 000002927C4BEA68
C 277
R
P 000002927C38E2B8
C 360
R
P 000002927C38E2B8
P 000002927C4BEA68
C 276
R
P 000002927C38E2B8
C 360
R
P 000002927C38E2B8
P 000002927C4BEA68
C 275
R
P 000002927C38E2B8
C 360
R
P 000002927C38E2B8
P 000002927C4BEA68
C 9
R
P 000002927C38E2B8
C 360
R
P 000002927C38E2B8
P 000002927DD0BE38
U 10
C 481
= 000002927C4BEA68
R
P 000002927C38E2B8
C 360
R
P 000002927C38E2B8
P 000002927C4BEA68
C 9
R
P 000002927C38E2B8
C 360
R
P 000002927C38E2B8
P 000002927C4BEA68
C 274
R
P 000002927C38E2B8
C 360
R
P 000002927C38E2B8
P 000002927C4BEA68
C 271
= 000002927C4C6748
R
P 000002927C38E2B8
C 360
R
P 000002927C38E2B8
P 000002927C4C6748
C 226
R
P 000002927C38E2B8
C 360
R
P 000002927C38E2B8
P 000002927C4BEA68
C 277
R
P 000002927C38E2B8
C 360
R
P 000002927C38E2B8
P 000002927C4BEA68
C 276
R
P 000002927C38E2B8
C 360
R
P 000002927C38E2B8
P 000002927C4BEA68
C 275
R
P 000002927C38E2B8
C 360
R
P 000002927C38E2B8
P 000002927C4BEA68
C 9
R
P 000002927C38E2B8
C 360
R
P 000002927C38E2B8
P 000002927DD0BE38
U 11
C 481
= 000002927C4BEA68
R
P 000002927C38E2B8
C 360
R
P 000002927C38E2B8
P 000002927C4BEA68
C 9
R
P 000002927C38E2B8
C 360
R
P 000002927C38E2B8
P 000002927C4BEA68
C 274
R
P 000002927C38E2B8
C 360
R
P 000002927C38E2B8
P 000002927C4BEA68
C 271
= 000002927C4C6748
R
P 000002927C38E2B8
C 360
R
P 000002927C38E2B8
P 000002927C4C6748
C 226
R
P 000002927C38E2B8
C 360
R
P 000002927C38E2B8
P 000002927C4BEA68
C 277
R
P 000002927C38E2B8
C 360
R
P 000002927C38E2B8
P 000002927C4BEA68
C 276
R
P 000002927C38E2B8
C 360
R
P 000002927C38E2B8
P 000002927C4BEA68
C 275
R
P 000002927C38E2B8
C 360
R
P 000002927C38E2B8
P 000002927C4BEA68
C 9
R
P 000002927C38E2B8
C 360
R
P 000002927C38E2B8
P 000002927DD0BE38
U 12
C 481
= 000002927C4C30C8
R
P 000002927C38E2B8
C 360
R
P 000002927C38E2B8
P 000002927C4C30C8
C 9
R
P 000002927C38E2B8
C 360
R
P 000002927C38E2B8
P 000002927C4C30C8
C 274
R
P 000002927C38E2B8
C 360
R
P 000002927C38E2B8
P 000002927C4C30C8
C 271
= 000002927C4C6748
R
P 000002927C38E2B8
C 360
R
P 000002927C38E2B8
P 000002927C4C6748
C 226
R
P 000002927C38E2B8
C 360
R
P 000002927C38E2B8
P 000002927C4C30C8
C 277
R
P 000002927C38E2B8
C 360
R
P 000002927C38E2B8
P 000002927C4C30C8
C 276
R
P 000002927C38E2B8
C 360
R
P 000002927C38E2B8
P 000002927C4C30C8
C 275
R
P 000002927C38E2B8
C 360
R
P 000002927C38E2B8
P 000002927C4C30C8
C 9
R
P 000002927C38E2B8
C 360
R
P 000002927C38E2B8
P 000002927C4BE8E8
C 351
R
P 000002927C38E2B8
C 360
R
P 000002927C38E2B8
C 430
= 000002927E4E23A8
R
P 000002927C38E2B8
C 360
R
P 000002927C38E2B8
P 000002927E4E23A8
C 439
R
P 000002927C38E2B8
C 360
R
P 000002927C38E2B8
P 000002927E4E23A8
P 000002927C4BE8E8
C 446
R
P 000002927C38E2B8
C 360
R
P 000002927C38E2B8
P 000002927E4E23A8
C 455
R
P 000002927C38E2B8
C 360
R
P 000002927C38E2B8
P 000002927E4E23A8
C 460
= 000002927E7882F8
R
P 000002927C38E2B8
C 360
R
P 000002927C38E2B8
P 000002927E7882F8
C 318
R
P 000002927C38E2B8
C 360
R
P 000002927C38E2B8
P 000002927E7882F8
C 355
R
P 000002927C38E2B8
C 360
R
P 000002927C38E2B8
P 000002927E7882F8
C 326
R
P 000002927C38E2B8
C 360
R
P 000002927C38E2B8
P 000002927E7882F8
C 324
R
P 000002927C38E2B8
C 360
R
P 000002927C38E2B8
P 000002927E7882F8
U 0
C 325
= 000002927C4BE888
R
P 000002927C38E2B8
C 360
R
P 000002927C38E2B8
P 000002927C4BE888
C 274
R
P 000002927C38E2B8
C 360
R
P 000002927C38E2B8
P 000002927C4BE888
C 9
R
P 000002927C38E2B8
C 360
R
P 000002927C38E2B8
P 000002927C4BE888
C 249
R
P 000002927C38E2B8
C 360
R
P 000002927C38E2B8
$ |y|
C 219
R
P 000002927C38E2B8
C 360
R
P 000002927C38E2B8
$ |y|
C 219
R
P 000002927C38E2B8
C 360
R
P 000002927C38E2B8
P 000002927C4BE888
C 252
R
P 000002927C38E2B8
C 360
R
P 000002927C38E2B8
P 000002927E7882F8
P 000002927C4BE888
C 321
= 000002927C4C73E8
R
P 000002927C38E2B8
C 360
R
P 000002927C38E2B8
P 000002927C4C73E8
C 274
R
P 000002927C38E2B8
C 360
R
P 000002927C38E2B8
P 000002927C4C73E8
C 271
= 000002927C4C6808
R
P 000002927C38E2B8
C 360
R
P 000002927C38E2B8
P 000002927C4C6808
C 226
R
P 000002927C38E2B8
C 360
R
P 000002927C38E2B8
P 000002927C4C73E8
C 277
R
P 000002927C38E2B8
C 360
R
P 000002927C38E2B8
P 000002927C4C73E8
C 276
R
P 000002927C38E2B8
C 360
R
P 000002927C38E2B8
P 000002927C4C73E8
C 275
R
P 000002927C38E2B8
C 360
R
P 000002927C38E2B8
P 000002927C4C73E8
C 9
R
P 000002927C38E2B8
C 360
R
P 000002927C38E2B8
$ |y|
C 219
R
P 000002927C38E2B8
C 360
R
P 000002927C38E2B8
$ |y|
C 219
R
P 000002927C38E2B8
C 360
R
P 000002927C38E2B8
$ |y|
C 221
R
P 000002927C38E2B8
C 360
R
P 000002927C38E2B8
P 000002927C4C73E8
C 280
R
P 000002927C38E2B8
C 360
R
P 000002927C38E2B8
S "\040declare-fun x \040\041 Int\041 \040declare-fun y \040\041 Int\041 \040assert \040not \040\061 y 1\041\041\041 \040assert \040not \040\061 x 1\041\041\041 \040assert \040not \040\061 y 2\041\041\041 \040assert \040not \040\061 y 2\041\041\041 \040assert \040not \040\061 y 2\041\041\041 \040assert \040not \040\061 y 2\041\041\041 \040assert \040not \040\061 y 2\041\041\041 \040assert \040not \040\061 y 2\041\041\041 \040assert \040not \040\061 y 2\041\041\041 \040assert \040not \040\061 y 2\041\041\041 \040assert \040not \040\061 y 2\041\041\041 \040assert \040not \040\061 y 2\041\041\041 \040assert \040not \040\061 y 2\041\041\041 \040assert \040\061 \040* x y\041  1\041\041"
U 0
s 0
p 0
U 0
s 0
p 0
C 357
= 000002927E79AFA8
R
P 000002927C38E2B8
C 360
R
P 000002927C38E2B8
P 000002927E79AFA8
C 478
R
P 000002927C38E2B8
C 360
R
P 000002927C38E2B8
P 000002927E79AFA8
C 480
R
P 000002927C38E2B8
C 360
R
P 000002927C38E2B8
P 000002927E79AFA8
U 0
C 481
= 000002927C4BE8E8
R
P 000002927C38E2B8
C 360
R
P 000002927C38E2B8
P 000002927C4BE8E8
C 9
R
P 000002927C38E2B8
C 360
R
P 000002927C38E2B8
P 000002927C4BE8E8
C 274
R
P 000002927C38E2B8
C 360
R
P 000002927C38E2B8
P 000002927C4BE8E8
C 271
= 000002927C4C6748
R
P 000002927C38E2B8
C 360
R
P 000002927C38E2B8
P 000002927C4C6748
C 226
R
P 000002927C38E2B8
C 360
R
P 000002927C38E2B8
P 000002927C4BE8E8
C 277
R
P 000002927C38E2B8
C 360
R
P 000002927C38E2B8
P 000002927C4BE8E8
C 276
R
P 000002927C38E2B8
C 360
R
P 000002927C38E2B8
P 000002927C4BE8E8
C 275
R
P 000002927C38E2B8
C 360
R
P 000002927C38E2B8
P 000002927C4BE8E8
C 9
R
P 000002927C38E2B8
C 360
R
P 000002927C38E2B8
P 000002927E79AFA8
U 1
C 481
= 000002927C4BE918
R
P 000002927C38E2B8
C 360
R
P 000002927C38E2B8
P 000002927C4BE918
C 9
R
P 000002927C38E2B8
C 360
R
P 000002927C38E2B8
P 000002927C4BE918
C 274
R
P 000002927C38E2B8
C 360
R
P 000002927C38E2B8
P 000002927C4BE918
C 271
= 000002927C4C6748
R
P 000002927C38E2B8
C 360
R
P 000002927C38E2B8
P 000002927C4C6748
C 226
R
P 000002927C38E2B8
C 360
R
P 000002927C38E2B8
P 000002927C4BE918
C 277
R
P 000002927C38E2B8
C 360
R
P 000002927C38E2B8
P 000002927C4BE918
C 276
R
P 000002927C38E2B8
C 360
R
P 000002927C38E2B8
P 000002927C4BE918
C 275
R
P 000002927C38E2B8
C 360
R
P 000002927C38E2B8
P 000002927C4BE918
C 9
R
P 000002927C38E2B8
C 360
R
P 000002927C38E2B8
P 000002927E79AFA8
U 2
C 481
= 000002927C4BEA68
R
P 000002927C38E2B8
C 360
R
P 000002927C38E2B8
P 000002927C4BEA68
C 9
R
P 000002927C38E2B8
C 360
R
P 000002927C38E2B8
P 000002927C4BEA68
C 274
R
P 000002927C38E2B8
C 360
R
P 000002927C38E2B8
P 000002927C4BEA68
C 271
= 000002927C4C6748
R
P 000002927C38E2B8
C 360
R
P 000002927C38E2B8
P 000002927C4C6748
C 226
R
P 000002927C38E2B8
C 360
R
P 000002927C38E2B8
P 000002927C4BEA68
C 277
R
P 000002927C38E2B8
C 360
R
P 000002927C38E2B8
P 000002927C4BEA68
C 276
R
P 000002927C38E2B8
C 360
R
P 000002927C38E2B8
P 000002927C4BEA68
C 275
R
P 000002927C38E2B8
C 360
R
P 000002927C38E2B8
P 000002927C4BEA68
C 9
R
P 000002927C38E2B8
C 360
R
P 000002927C38E2B8
P 000002927E79AFA8
U 3
C 481
= 000002927C4BEA68
R
P 000002927C38E2B8
C 360
R
P 000002927C38E2B8
P 000002927C4BEA68
C 9
R
P 000002927C38E2B8
C 360
R
P 000002927C38E2B8
P 000002927C4BEA68
C 274
R
P 000002927C38E2B8
C 360
R
P 000002927C38E2B8
P 000002927C4BEA68
C 271
= 000002927C4C6748
R
P 000002927C38E2B8
C 360
R
P 000002927C38E2B8
P 000002927C4C6748
C 226
R
P 000002927C38E2B8
C 360
R
P 000002927C38E2B8
P 000002927C4BEA68
C 277
R
P 000002927C38E2B8
C 360
R
P 000002927C38E2B8
P 000002927C4BEA68
C 276
R
P 000002927C38E2B8
C 360
R
P 000002927C38E2B8
P 000002927C4BEA68
C 275
R
P 000002927C38E2B8
C 360
R
P 000002927C38E2B8
P 000002927C4BEA68
C 9
R
P 000002927C38E2B8
C 360
R
P 000002927C38E2B8
P 000002927E79AFA8
U 4
C 481
= 000002927C4BEA68
R
P 000002927C38E2B8
C 360
R
P 000002927C38E2B8
P 000002927C4BEA68
C 9
R
P 000002927C38E2B8
C 360
R
P 000002927C38E2B8
P 000002927C4BEA68
C 274
R
P 000002927C38E2B8
C 360
R
P 000002927C38E2B8
P 000002927C4BEA68
C 271
= 000002927C4C6748
R
P 000002927C38E2B8
C 360
R
P 000002927C38E2B8
P 000002927C4C6748
C 226
R
P 000002927C38E2B8
C 360
R
P 000002927C38E2B8
P 000002927C4BEA68
C 277
R
P 000002927C38E2B8
C 360
R
P 000002927C38E2B8
P 000002927C4BEA68
C 276
R
P 000002927C38E2B8
C 360
R
P 000002927C38E2B8
P 000002927C4BEA68
C 275
R
P 000002927C38E2B8
C 360
R
P 000002927C38E2B8
P 000002927C4BEA68
C 9
R
P 000002927C38E2B8
C 360
R
P 000002927C38E2B8
P 000002927E79AFA8
U 5
C 481
= 000002927C4BEA68
R
P 000002927C38E2B8
C 360
R
P 000002927C38E2B8
P 000002927C4BEA68
C 9
R
P 000002927C38E2B8
C 360
R
P 000002927C38E2B8
P 000002927C4BEA68
C 274
R
P 000002927C38E2B8
C 360
R
P 000002927C38E2B8
P 000002927C4BEA68
C 271
= 000002927C4C6748
R
P 000002927C38E2B8
C 360
R
P 000002927C38E2B8
P 000002927C4C6748
C 226
R
P 000002927C38E2B8
C 360
R
P 000002927C38E2B8
P 000002927C4BEA68
C 277
R
P 000002927C38E2B8
C 360
R
P 000002927C38E2B8
P 000002927C4BEA68
C 276
R
P 000002927C38E2B8
C 360
R
P 000002927C38E2B8
P 000002927C4BEA68
C 275
R
P 000002927C38E2B8
C 360
R
P 000002927C38E2B8
P 000002927C4BEA68
C 9
R
P 000002927C38E2B8
C 360
R
P 000002927C38E2B8
P 000002927E79AFA8
U 6
C 481
= 000002927C4BEA68
R
P 000002927C38E2B8
C 360
R
P 000002927C38E2B8
P 000002927C4BEA68
C 9
R
P 000002927C38E2B8
C 360
R
P 000002927C38E2B8
P 000002927C4BEA68
C 274
R
P 000002927C38E2B8
C 360
R
P 000002927C38E2B8
P 000002927C4BEA68
C 271
= 000002927C4C6748
R
P 000002927C38E2B8
C 360
R
P 000002927C38E2B8
P 000002927C4C6748
C 226
R
P 000002927C38E2B8
C 360
R
P 000002927C38E2B8
P 000002927C4BEA68
C 277
R
P 000002927C38E2B8
C 360
R
P 000002927C38E2B8
P 000002927C4BEA68
C 276
R
P 000002927C38E2B8
C 360
R
P 000002927C38E2B8
P 000002927C4BEA68
C 275
R
P 000002927C38E2B8
C 360
R
P 000002927C38E2B8
P 000002927C4BEA68
C 9
R
P 000002927C38E2B8
C 360
R
P 000002927C38E2B8
P 000002927E79AFA8
U 7
C 481
= 000002927C4BEA68
R
P 000002927C38E2B8
C 360
R
P 000002927C38E2B8
P 000002927C4BEA68
C 9
R
P 000002927C38E2B8
C 360
R
P 000002927C38E2B8
P 000002927C4BEA68
C 274
R
P 000002927C38E2B8
C 360
R
P 000002927C38E2B8
P 000002927C4BEA68
C 271
= 000002927C4C6748
R
P 000002927C38E2B8
C 360
R
P 000002927C38E2B8
P 000002927C4C6748
C 226
R
P 000002927C38E2B8
C 360
R
P 000002927C38E2B8
P 000002927C4BEA68
C 277
R
P 000002927C38E2B8
C 360
R
P 000002927C38E2B8
P 000002927C4BEA68
C 276
R
P 000002927C38E2B8
C 360
R
P 000002927C38E2B8
P 000002927C4BEA68
C 275
R
P 000002927C38E2B8
C 360
R
P 000002927C38E2B8
P 000002927C4BEA68
C 9
R
P 000002927C38E2B8
C 360
R
P 000002927C38E2B8
P 000002927E79AFA8
U 8
C 481
= 000002927C4BEA68
R
P 000002927C38E2B8
C 360
R
P 000002927C38E2B8
P 000002927C4BEA68
C 9
R
P 000002927C38E2B8
C 360
R
P 000002927C38E2B8
P 000002927C4BEA68
C 274
R
P 000002927C38E2B8
C 360
R
P 000002927C38E2B8
P 000002927C4BEA68
C 271
= 000002927C4C6748
R
P 000002927C38E2B8
C 360
R
P 000002927C38E2B8
P 000002927C4C6748
C 226
R
P 000002927C38E2B8
C 360
R
P 000002927C38E2B8
P 000002927C4BEA68
C 277
R
P 000002927C38E2B8
C 360
R
P 000002927C38E2B8
P 000002927C4BEA68
C 276
R
P 000002927C38E2B8
C 360
R
P 000002927C38E2B8
P 000002927C4BEA68
C 275
R
P 000002927C38E2B8
C 360
R
P 000002927C38E2B8
P 000002927C4BEA68
C 9
R
P 000002927C38E2B8
C 360
R
P 000002927C38E2B8
P 000002927E79AFA8
U 9
C 481
= 000002927C4BEA68
R
P 000002927C38E2B8
C 360
R
P 000002927C38E2B8
P 000002927C4BEA68
C 9
R
P 000002927C38E2B8
C 360
R
P 000002927C38E2B8
P 000002927C4BEA68
C 274
R
P 000002927C38E2B8
C 360
R
P 000002927C38E2B8
P 000002927C4BEA68
C 271
= 000002927C4C6748
R
P 000002927C38E2B8
C 360
R
P 000002927C38E2B8
P 000002927C4C6748
C 226
R
P 000002927C38E2B8
C 360
R
P 000002927C38E2B8
P 000002927C4BEA68
C 277
R
P 000002927C38E2B8
C 360
R
P 000002927C38E2B8
P 000002927C4BEA68
C 276
R
P 000002927C38E2B8
C 360
R
P 000002927C38E2B8
P 000002927C4BEA68
C 275
R
P 000002927C38E2B8
C 360
R
P 000002927C38E2B8
P 000002927C4BEA68
C 9
R
P 000002927C38E2B8
C 360
R
P 000002927C38E2B8
P 000002927E79AFA8
U 10
C 481
= 000002927C4BEA68
R
P 000002927C38E2B8
C 360
R
P 000002927C38E2B8
P 000002927C4BEA68
C 9
R
P 000002927C38E2B8
C 360
R
P 000002927C38E2B8
P 000002927C4BEA68
C 274
R
P 000002927C38E2B8
C 360
R
P 000002927C38E2B8
P 000002927C4BEA68
C 271
= 000002927C4C6748
R
P 000002927C38E2B8
C 360
R
P 000002927C38E2B8
P 000002927C4C6748
C 226
R
P 000002927C38E2B8
C 360
R
P 000002927C38E2B8
P 000002927C4BEA68
C 277
R
P 000002927C38E2B8
C 360
R
P 000002927C38E2B8
P 000002927C4BEA68
C 276
R
P 000002927C38E2B8
C 360
R
P 000002927C38E2B8
P 000002927C4BEA68
C 275
R
P 000002927C38E2B8
C 360
R
P 000002927C38E2B8
P 000002927C4BEA68
C 9
R
P 000002927C38E2B8
C 360
R
P 000002927C38E2B8
P 000002927E79AFA8
U 11
C 481
= 000002927C4BEA68
R
P 000002927C38E2B8
C 360
R
P 000002927C38E2B8
P 000002927C4BEA68
C 9
R
P 000002927C38E2B8
C 360
R
P 000002927C38E2B8
P 000002927C4BEA68
C 274
R
P 000002927C38E2B8
C 360
R
P 000002927C38E2B8
P 000002927C4BEA68
C 271
= 000002927C4C6748
R
P 000002927C38E2B8
C 360
R
P 000002927C38E2B8
P 000002927C4C6748
C 226
R
P 000002927C38E2B8
C 360
R
P 000002927C38E2B8
P 000002927C4BEA68
C 277
R
P 000002927C38E2B8
C 360
R
P 000002927C38E2B8
P 000002927C4BEA68
C 276
R
P 000002927C38E2B8
C 360
R
P 000002927C38E2B8
P 000002927C4BEA68
C 275
R
P 000002927C38E2B8
C 360
R
P 000002927C38E2B8
P 000002927C4BEA68
C 9
R
P 000002927C38E2B8
C 360
R
P 000002927C38E2B8
P 000002927E79AFA8
U 12
C 481
= 000002927C4BEA68
R
P 000002927C38E2B8
C 360
R
P 000002927C38E2B8
P 000002927C4BEA68
C 9
R
P 000002927C38E2B8
C 360
R
P 000002927C38E2B8
P 000002927C4BEA68
C 274
R
P 000002927C38E2B8
C 360
R
P 000002927C38E2B8
P 000002927C4BEA68
C 271
= 000002927C4C6748
R
P 000002927C38E2B8
C 360
R
P 000002927C38E2B8
P 000002927C4C6748
C 226
R
P 000002927C38E2B8
C 360
R
P 000002927C38E2B8
P 000002927C4BEA68
C 277
R
P 000002927C38E2B8
C 360
R
P 000002927C38E2B8
P 000002927C4BEA68
C 276
R
P 000002927C38E2B8
C 360
R
P 000002927C38E2B8
P 000002927C4BEA68
C 275
R
P 000002927C38E2B8
C 360
R
P 000002927C38E2B8
P 000002927C4BEA68
C 9
R
P 000002927C38E2B8
C 360
R
P 000002927C38E2B8
P 000002927E79AFA8
U 13
C 481
= 000002927C4C30C8
R
P 000002927C38E2B8
C 360
R
P 000002927C38E2B8
P 000002927C4C30C8
C 9
R
P 000002927C38E2B8
C 360
R
P 000002927C38E2B8
P 000002927C4C30C8
C 274
R
P 000002927C38E2B8
C 360
R
P 000002927C38E2B8
P 000002927C4C30C8
C 271
= 000002927C4C6748
R
P 000002927C38E2B8
C 360
R
P 000002927C38E2B8
P 000002927C4C6748
C 226
R
P 000002927C38E2B8
C 360
R
P 000002927C38E2B8
P 000002927C4C30C8
C 277
R
P 000002927C38E2B8
C 360
R
P 000002927C38E2B8
P 000002927C4C30C8
C 276
R
P 000002927C38E2B8
C 360
R
P 000002927C38E2B8
P 000002927C4C30C8
C 275
R
P 000002927C38E2B8
C 360
R
P 000002927C38E2B8
P 000002927C4C30C8
C 9
R
P 000002927C38E2B8
C 360
R
P 000002927C38E2B8
P 000002927C4BE8E8
C 351
R
P 000002927C38E2B8
C 360
R
P 000002927C38E2B8
C 430
= 000002927DDC0E28
R
P 000002927C38E2B8
C 360
R
P 000002927C38E2B8
P 000002927DDC0E28
C 439
R
P 000002927C38E2B8
C 360
R
P 000002927C38E2B8
P 000002927DDC0E28
P 000002927C4BE8E8
C 446
R
P 000002927C38E2B8
C 360
R
P 000002927C38E2B8
P 000002927DDC0E28
C 455
R
P 000002927C38E2B8
C 360
R
P 000002927C38E2B8
P 000002927DDC0E28
C 460
= 000002927EA6BDA8
R
P 000002927C38E2B8
C 360
R
P 000002927C38E2B8
P 000002927EA6BDA8
C 318
R
P 000002927C38E2B8
C 360
R
P 000002927C38E2B8
P 000002927EA6BDA8
C 355
R
P 000002927C38E2B8
C 360
R
P 000002927C38E2B8
P 000002927EA6BDA8
C 326
R
P 000002927C38E2B8
C 360
R
P 000002927C38E2B8
P 000002927EA6BDA8
C 324
R
P 000002927C38E2B8
C 360
R
P 000002927C38E2B8
P 000002927EA6BDA8
U 0
C 325
= 000002927C4BE888
R
P 000002927C38E2B8
C 360
R
P 000002927C38E2B8
P 000002927C4BE888
C 274
R
P 000002927C38E2B8
C 360
R
P 000002927C38E2B8
P 000002927C4BE888
C 9
R
P 000002927C38E2B8
C 360
R
P 000002927C38E2B8
P 000002927C4BE888
C 249
R
P 000002927C38E2B8
C 360
R
P 000002927C38E2B8
$ |y|
C 219
R
P 000002927C38E2B8
C 360
R
P 000002927C38E2B8
$ |y|
C 219
R
P 000002927C38E2B8
C 360
R
P 000002927C38E2B8
P 000002927C4BE888
C 252
R
P 000002927C38E2B8
C 360
R
P 000002927C38E2B8
P 000002927EA6BDA8
P 000002927C4BE888
C 321
= 000002927C4C73E8
R
P 000002927C38E2B8
C 360
R
P 000002927C38E2B8
P 000002927C4C73E8
C 274
R
P 000002927C38E2B8
C 360
R
P 000002927C38E2B8
P 000002927C4C73E8
C 271
= 000002927C4C6808
R
P 000002927C38E2B8
C 360
R
P 000002927C38E2B8
P 000002927C4C6808
C 226
R
P 000002927C38E2B8
C 360
R
P 000002927C38E2B8
P 000002927C4C73E8
C 277
R
P 000002927C38E2B8
C 360
R
P 000002927C38E2B8
P 000002927C4C73E8
C 276
R
P 000002927C38E2B8
C 360
R
P 000002927C38E2B8
P 000002927C4C73E8
C 275
R
P 000002927C38E2B8
C 360
R
P 000002927C38E2B8
P 000002927C4C73E8
C 9
R
P 000002927C38E2B8
C 360
R
P 000002927C38E2B8
$ |y|
C 219
R
P 000002927C38E2B8
C 360
R
P 000002927C38E2B8
$ |y|
C 219
R
P 000002927C38E2B8
C 360
R
P 000002927C38E2B8
$ |y|
C 221
R
P 000002927C38E2B8
C 360
R
P 000002927C38E2B8
P 000002927C4C73E8
C 280
R
P 000002927C38E2B8
C 360
R
P 000002927C38E2B8
S "\040declare-fun x \040\041 Int\041 \040declare-fun y \040\041 Int\041 \040assert \040not \040\061 y 1\041\041\041 \040assert \040not \040\061 x 1\041\041\041 \040assert \040not \040\061 y 2\041\041\041 \040assert \040not \040\061 y 2\041\041\041 \040assert \040not \040\061 y 2\041\041\041 \040assert \040not \040\061 y 2\041\041\041 \040assert \040not \040\061 y 2\041\041\041 \040assert \040not \040\061 y 2\041\041\041 \040assert \040not \040\061 y 2\041\041\041 \040assert \040not \040\061 y 2\041\041\041 \040assert \040not \040\061 y 2\041\041\041 \040assert \040not \040\061 y 2\041\041\041 \040assert \040not \040\061 y 2\041\041\041 \040assert \040not \040\061 y 2\041\041\041 \040assert \040\061 \040* x y\041  1\041\041"
U 0
s 0
p 0
U 0
s 0
p 0
C 357
= 000002927E79DAA8
R
P 000002927C38E2B8
C 360
R
P 000002927C38E2B8
P 000002927E79DAA8
C 478
R
P 000002927C38E2B8
C 360
R
P 000002927C38E2B8
P 000002927E79DAA8
C 480
R
P 000002927C38E2B8
C 360
R
P 000002927C38E2B8
P 000002927E79DAA8
U 0
C 481
= 000002927C4BE8E8
R
P 000002927C38E2B8
C 360
R
P 000002927C38E2B8
P 000002927C4BE8E8
C 9
R
P 000002927C38E2B8
C 360
R
P 000002927C38E2B8
P 000002927C4BE8E8
C 274
R
P 000002927C38E2B8
C 360
R
P 000002927C38E2B8
P 000002927C4BE8E8
C 271
= 000002927C4C6748
R
P 000002927C38E2B8
C 360
R
P 000002927C38E2B8
P 000002927C4C6748
C 226
R
P 000002927C38E2B8
C 360
R
P 000002927C38E2B8
P 000002927C4BE8E8
C 277
R
P 000002927C38E2B8
C 360
R
P 000002927C38E2B8
P 000002927C4BE8E8
C 276
R
P 000002927C38E2B8
C 360
R
P 000002927C38E2B8
P 000002927C4BE8E8
C 275
R
P 000002927C38E2B8
C 360
R
P 000002927C38E2B8
P 000002927C4BE8E8
C 9
R
P 000002927C38E2B8
C 360
R
P 000002927C38E2B8
P 000002927E79DAA8
U 1
C 481
= 000002927C4BE918
R
P 000002927C38E2B8
C 360
R
P 000002927C38E2B8
P 000002927C4BE918
C 9
R
P 000002927C38E2B8
C 360
R
P 000002927C38E2B8
P 000002927C4BE918
C 274
R
P 000002927C38E2B8
C 360
R
P 000002927C38E2B8
P 000002927C4BE918
C 271
= 000002927C4C6748
R
P 000002927C38E2B8
C 360
R
P 000002927C38E2B8
P 000002927C4C6748
C 226
R
P 000002927C38E2B8
C 360
R
P 000002927C38E2B8
P 000002927C4BE918
C 277
R
P 000002927C38E2B8
C 360
R
P 000002927C38E2B8
P 000002927C4BE918
C 276
R
P 000002927C38E2B8
C 360
R
P 000002927C38E2B8
P 000002927C4BE918
C 275
R
P 000002927C38E2B8
C 360
R
P 000002927C38E2B8
P 000002927C4BE918
C 9
R
P 000002927C38E2B8
C 360
R
P 000002927C38E2B8
P 000002927E79DAA8
U 2
C 481
= 000002927C4BEA68
R
P 000002927C38E2B8
C 360
R
P 000002927C38E2B8
P 000002927C4BEA68
C 9
R
P 000002927C38E2B8
C 360
R
P 000002927C38E2B8
P 000002927C4BEA68
C 274
R
P 000002927C38E2B8
C 360
R
P 000002927C38E2B8
P 000002927C4BEA68
C 271
= 000002927C4C6748
R
P 000002927C38E2B8
C 360
R
P 000002927C38E2B8
P 000002927C4C6748
C 226
R
P 000002927C38E2B8
C 360
R
P 000002927C38E2B8
P 000002927C4BEA68
C 277
R
P 000002927C38E2B8
C 360
R
P 000002927C38E2B8
P 000002927C4BEA68
C 276
R
P 000002927C38E2B8
C 360
R
P 000002927C38E2B8
P 000002927C4BEA68
C 275
R
P 000002927C38E2B8
C 360
R
P 000002927C38E2B8
P 000002927C4BEA68
C 9
R
P 000002927C38E2B8
C 360
R
P 000002927C38E2B8
P 000002927E79DAA8
U 3
C 481
= 000002927C4BEA68
R
P 000002927C38E2B8
C 360
R
P 000002927C38E2B8
P 000002927C4BEA68
C 9
R
P 000002927C38E2B8
C 360
R
P 000002927C38E2B8
P 000002927C4BEA68
C 274
R
P 000002927C38E2B8
C 360
R
P 000002927C38E2B8
P 000002927C4BEA68
C 271
= 000002927C4C6748
R
P 000002927C38E2B8
C 360
R
P 000002927C38E2B8
P 000002927C4C6748
C 226
R
P 000002927C38E2B8
C 360
R
P 000002927C38E2B8
P 000002927C4BEA68
C 277
R
P 000002927C38E2B8
C 360
R
P 000002927C38E2B8
P 000002927C4BEA68
C 276
R
P 000002927C38E2B8
C 360
R
P 000002927C38E2B8
P 000002927C4BEA68
C 275
R
P 000002927C38E2B8
C 360
R
P 000002927C38E2B8
P 000002927C4BEA68
C 9
R
P 000002927C38E2B8
C 360
R
P 000002927C38E2B8
P 000002927E79DAA8
U 4
C 481
= 000002927C4BEA68
R
P 000002927C38E2B8
C 360
R
P 000002927C38E2B8
P 000002927C4BEA68
C 9
R
P 000002927C38E2B8
C 360
R
P 000002927C38E2B8
P 000002927C4BEA68
C 274
R
P 000002927C38E2B8
C 360
R
P 000002927C38E2B8
P 000002927C4BEA68
C 271
= 000002927C4C6748
R
P 000002927C38E2B8
C 360
R
P 000002927C38E2B8
P 000002927C4C6748
C 226
R
P 000002927C38E2B8
C 360
R
P 000002927C38E2B8
P 000002927C4BEA68
C 277
R
P 000002927C38E2B8
C 360
R
P 000002927C38E2B8
P 000002927C4BEA68
C 276
R
P 000002927C38E2B8
C 360
R
P 000002927C38E2B8
P 000002927C4BEA68
C 275
R
P 000002927C38E2B8
C 360
R
P 000002927C38E2B8
P 000002927C4BEA68
C 9
R
P 000002927C38E2B8
C 360
R
P 000002927C38E2B8
P 000002927E79DAA8
U 5
C 481
= 000002927C4BEA68
R
P 000002927C38E2B8
C 360
R
P 000002927C38E2B8
P 000002927C4BEA68
C 9
R
P 000002927C38E2B8
C 360
R
P 000002927C38E2B8
P 000002927C4BEA68
C 274
R
P 000002927C38E2B8
C 360
R
P 000002927C38E2B8
P 000002927C4BEA68
C 271
= 000002927C4C6748
R
P 000002927C38E2B8
C 360
R
P 000002927C38E2B8
P 000002927C4C6748
C 226
R
P 000002927C38E2B8
C 360
R
P 000002927C38E2B8
P 000002927C4BEA68
C 277
R
P 000002927C38E2B8
C 360
R
P 000002927C38E2B8
P 000002927C4BEA68
C 276
R
P 000002927C38E2B8
C 360
R
P 000002927C38E2B8
P 000002927C4BEA68
C 275
R
P 000002927C38E2B8
C 360
R
P 000002927C38E2B8
P 000002927C4BEA68
C 9
R
P 000002927C38E2B8
C 360
R
P 000002927C38E2B8
P 000002927E79DAA8
U 6
C 481
= 000002927C4BEA68
R
P 000002927C38E2B8
C 360
R
P 000002927C38E2B8
P 000002927C4BEA68
C 9
R
P 000002927C38E2B8
C 360
R
P 000002927C38E2B8
P 000002927C4BEA68
C 274
R
P 000002927C38E2B8
C 360
R
P 000002927C38E2B8
P 000002927C4BEA68
C 271
= 000002927C4C6748
R
P 000002927C38E2B8
C 360
R
P 000002927C38E2B8
P 000002927C4C6748
C 226
R
P 000002927C38E2B8
C 360
R
P 000002927C38E2B8
P 000002927C4BEA68
C 277
R
P 000002927C38E2B8
C 360
R
P 000002927C38E2B8
P 000002927C4BEA68
C 276
R
P 000002927C38E2B8
C 360
R
P 000002927C38E2B8
P 000002927C4BEA68
C 275
R
P 000002927C38E2B8
C 360
R
P 000002927C38E2B8
P 000002927C4BEA68
C 9
R
P 000002927C38E2B8
C 360
R
P 000002927C38E2B8
P 000002927E79DAA8
U 7
C 481
= 000002927C4BEA68
R
P 000002927C38E2B8
C 360
R
P 000002927C38E2B8
P 000002927C4BEA68
C 9
R
P 000002927C38E2B8
C 360
R
P 000002927C38E2B8
P 000002927C4BEA68
C 274
R
P 000002927C38E2B8
C 360
R
P 000002927C38E2B8
P 000002927C4BEA68
C 271
= 000002927C4C6748
R
P 000002927C38E2B8
C 360
R
P 000002927C38E2B8
P 000002927C4C6748
C 226
R
P 000002927C38E2B8
C 360
R
P 000002927C38E2B8
P 000002927C4BEA68
C 277
R
P 000002927C38E2B8
C 360
R
P 000002927C38E2B8
P 000002927C4BEA68
C 276
R
P 000002927C38E2B8
C 360
R
P 000002927C38E2B8
P 000002927C4BEA68
C 275
R
P 000002927C38E2B8
C 360
R
P 000002927C38E2B8
P 000002927C4BEA68
C 9
R
P 000002927C38E2B8
C 360
R
P 000002927C38E2B8
P 000002927E79DAA8
U 8
C 481
= 000002927C4BEA68
R
P 000002927C38E2B8
C 360
R
P 000002927C38E2B8
P 000002927C4BEA68
C 9
R
P 000002927C38E2B8
C 360
R
P 000002927C38E2B8
P 000002927C4BEA68
C 274
R
P 000002927C38E2B8
C 360
R
P 000002927C38E2B8
P 000002927C4BEA68
C 271
= 000002927C4C6748
R
P 000002927C38E2B8
C 360
R
P 000002927C38E2B8
P 000002927C4C6748
C 226
R
P 000002927C38E2B8
C 360
R
P 000002927C38E2B8
P 000002927C4BEA68
C 277
R
P 000002927C38E2B8
C 360
R
P 000002927C38E2B8
P 000002927C4BEA68
C 276
R
P 000002927C38E2B8
C 360
R
P 000002927C38E2B8
P 000002927C4BEA68
C 275
R
P 000002927C38E2B8
C 360
R
P 000002927C38E2B8
P 000002927C4BEA68
C 9
R
P 000002927C38E2B8
C 360
R
P 000002927C38E2B8
P 000002927E79DAA8
U 9
C 481
= 000002927C4BEA68
R
P 000002927C38E2B8
C 360
R
P 000002927C38E2B8
P 000002927C4BEA68
C 9
R
P 000002927C38E2B8
C 360
R
P 000002927C38E2B8
P 000002927C4BEA68
C 274
R
P 000002927C38E2B8
C 360
R
P 000002927C38E2B8
P 000002927C4BEA68
C 271
= 000002927C4C6748
R
P 000002927C38E2B8
C 360
R
P 000002927C38E2B8
P 000002927C4C6748
C 226
R
P 000002927C38E2B8
C 360
R
P 000002927C38E2B8
P 000002927C4BEA68
C 277
R
P 000002927C38E2B8
C 360
R
P 000002927C38E2B8
P 000002927C4BEA68
C 276
R
P 000002927C38E2B8
C 360
R
P 000002927C38E2B8
P 000002927C4BEA68
C 275
R
P 000002927C38E2B8
C 360
R
P 000002927C38E2B8
P 000002927C4BEA68
C 9
R
P 000002927C38E2B8
C 360
R
P 000002927C38E2B8
P 000002927E79DAA8
U 10
C 481
= 000002927C4BEA68
R
P 000002927C38E2B8
C 360
R
P 000002927C38E2B8
P 000002927C4BEA68
C 9
R
P 000002927C38E2B8
C 360
R
P 000002927C38E2B8
P 000002927C4BEA68
C 274
R
P 000002927C38E2B8
C 360
R
P 000002927C38E2B8
P 000002927C4BEA68
C 271
= 000002927C4C6748
R
P 000002927C38E2B8
C 360
R
P 000002927C38E2B8
P 000002927C4C6748
C 226
R
P 000002927C38E2B8
C 360
R
P 000002927C38E2B8
P 000002927C4BEA68
C 277
R
P 000002927C38E2B8
C 360
R
P 000002927C38E2B8
P 000002927C4BEA68
C 276
R
P 000002927C38E2B8
C 360
R
P 000002927C38E2B8
P 000002927C4BEA68
C 275
R
P 000002927C38E2B8
C 360
R
P 000002927C38E2B8
P 000002927C4BEA68
C 9
R
P 000002927C38E2B8
C 360
R
P 000002927C38E2B8
P 000002927E79DAA8
U 11
C 481
= 000002927C4BEA68
R
P 000002927C38E2B8
C 360
R
P 000002927C38E2B8
P 000002927C4BEA68
C 9
R
P 000002927C38E2B8
C 360
R
P 000002927C38E2B8
P 000002927C4BEA68
C 274
R
P 000002927C38E2B8
C 360
R
P 000002927C38E2B8
P 000002927C4BEA68
C 271
= 000002927C4C6748
R
P 000002927C38E2B8
C 360
R
P 000002927C38E2B8
P 000002927C4C6748
C 226
R
P 000002927C38E2B8
C 360
R
P 000002927C38E2B8
P 000002927C4BEA68
C 277
R
P 000002927C38E2B8
C 360
R
P 000002927C38E2B8
P 000002927C4BEA68
C 276
R
P 000002927C38E2B8
C 360
R
P 000002927C38E2B8
P 000002927C4BEA68
C 275
R
P 000002927C38E2B8
C 360
R
P 000002927C38E2B8
P 000002927C4BEA68
C 9
R
P 000002927C38E2B8
C 360
R
P 000002927C38E2B8
P 000002927E79DAA8
U 12
C 481
= 000002927C4BEA68
R
P 000002927C38E2B8
C 360
R
P 000002927C38E2B8
P 000002927C4BEA68
C 9
R
P 000002927C38E2B8
C 360
R
P 000002927C38E2B8
P 000002927C4BEA68
C 274
R
P 000002927C38E2B8
C 360
R
P 000002927C38E2B8
P 000002927C4BEA68
C 271
= 000002927C4C6748
R
P 000002927C38E2B8
C 360
R
P 000002927C38E2B8
P 000002927C4C6748
C 226
R
P 000002927C38E2B8
C 360
R
P 000002927C38E2B8
P 000002927C4BEA68
C 277
R
P 000002927C38E2B8
C 360
R
P 000002927C38E2B8
P 000002927C4BEA68
C 276
R
P 000002927C38E2B8
C 360
R
P 000002927C38E2B8
P 000002927C4BEA68
C 275
R
P 000002927C38E2B8
C 360
R
P 000002927C38E2B8
P 000002927C4BEA68
C 9
R
P 000002927C38E2B8
C 360
R
P 000002927C38E2B8
P 000002927E79DAA8
U 13
C 481
= 000002927C4BEA68
R
P 000002927C38E2B8
C 360
R
P 000002927C38E2B8
P 000002927C4BEA68
C 9
R
P 000002927C38E2B8
C 360
R
P 000002927C38E2B8
P 000002927C4BEA68
C 274
R
P 000002927C38E2B8
C 360
R
P 000002927C38E2B8
P 000002927C4BEA68
C 271
= 000002927C4C6748
R
P 000002927C38E2B8
C 360
R
P 000002927C38E2B8
P 000002927C4C6748
C 226
R
P 000002927C38E2B8
C 360
R
P 000002927C38E2B8
P 000002927C4BEA68
C 277
R
P 000002927C38E2B8
C 360
R
P 000002927C38E2B8
P 000002927C4BEA68
C 276
R
P 000002927C38E2B8
C 360
R
P 000002927C38E2B8
P 000002927C4BEA68
C 275
R
P 000002927C38E2B8
C 360
R
P 000002927C38E2B8
P 000002927C4BEA68
C 9
R
P 000002927C38E2B8
C 360
R
P 000002927C38E2B8
P 000002927E79DAA8
U 14
C 481
= 000002927C4C30C8
R
P 000002927C38E2B8
C 360
R
P 000002927C38E2B8
P 000002927C4C30C8
C 9
R
P 000002927C38E2B8
C 360
R
P 000002927C38E2B8
P 000002927C4C30C8
C 274
R
P 000002927C38E2B8
C 360
R
P 000002927C38E2B8
P 000002927C4C30C8
C 271
= 000002927C4C6748
R
P 000002927C38E2B8
C 360
R
P 000002927C38E2B8
P 000002927C4C6748
C 226
R
P 000002927C38E2B8
C 360
R
P 000002927C38E2B8
P 000002927C4C30C8
C 277
R
P 000002927C38E2B8
C 360
R
P 000002927C38E2B8
P 000002927C4C30C8
C 276
R
P 000002927C38E2B8
C 360
R
P 000002927C38E2B8
P 000002927C4C30C8
C 275
R
P 000002927C38E2B8
C 360
R
P 000002927C38E2B8
P 000002927C4C30C8
C 9
R
P 000002927C38E2B8
C 360
R
P 000002927C38E2B8
P 000002927C4BE8E8
C 351
R
P 000002927C38E2B8
C 360
R
P 000002927C38E2B8
C 430
= 000002927E9683D8
R
P 000002927C38E2B8
C 360
R
P 000002927C38E2B8
P 000002927E9683D8
C 439
R
P 000002927C38E2B8
C 360
R
P 000002927C38E2B8
P 000002927E9683D8
P 000002927C4BE8E8
C 446
